14:12:17 **** Incremental Build of configuration Debug for project MainTest ****
make -j4 all 
arm-none-eabi-g++ "/home/xasin/Xasin/system-synth-suit/XasCode/STM32F4/NeoController/AnimationStep.cpp" -mcpu=cortex-m4 -std=gnu++14 -g3 -DUSE_HAL_DRIVER -DSTM32L431xx -DDEBUG -c -I../Middlewares/Third_Party/FreeRTOS/Source/include -I../Middlewares/Third_Party/FreeRTOS/Source/portable/GCC/ARM_CM4F -I../Drivers/CMSIS/Include -I../Core/Inc -I../Drivers/CMSIS/Device/ST/STM32L4xx/Include -I../Drivers/STM32L4xx_HAL_Driver/Inc -I../Middlewares/Third_Party/FreeRTOS/Source/CMSIS_RTOS_V2 -I../../../XasCode/STM32F4 -I../Drivers/STM32L4xx_HAL_Driver/Inc/Legacy -O2 -ffunction-sections -fdata-sections -fno-exceptions -fno-rtti -fno-threadsafe-statics -fno-use-cxa-atexit -Wall -Wswitch-enum -fstack-usage -MMD -MP -MF"Core/STM32F4/NeoController/AnimationStep.d" -MT"Core/STM32F4/NeoController/AnimationStep.o" --specs=nano.specs -mfpu=fpv4-sp-d16 -mfloat-abi=hard -mthumb -o "Core/STM32F4/NeoController/AnimationStep.o"
/home/xasin/Xasin/system-synth-suit/XasCode/STM32F4/NeoController/AnimationStep.cpp: In member function 'void Xasin::AnimationStep::tick(float)':
/home/xasin/Xasin/system-synth-suit/XasCode/STM32F4/NeoController/AnimationStep.cpp:90:8: warning: enumeration value 'MAX' not handled in switch [-Wswitch-enum]
  switch(calc_type) {
        ^
arm-none-eabi-g++ -o "MainTest.elf" @"objects.list"   -mcpu=cortex-m4 -T"/home/xasin/Xasin/system-synth-suit/STMCubeWorkspace/MainTest/STM32L431KBUX_FLASH.ld" --specs=nosys.specs -Wl,-Map="MainTest.map" -Wl,--gc-sections -static --specs=nano.specs -mfpu=fpv4-sp-d16 -mfloat-abi=hard -mthumb -u _printf_float -Wl,--start-group -lc -lm -lstdc++ -lsupc++ -Wl,--end-group
Finished building target: MainTest.elf
 
arm-none-eabi-objdump -h -S  MainTest.elf  > "MainTest.list"
arm-none-eabi-objcopy  -O binary  MainTest.elf  "MainTest.bin"
arm-none-eabi-size   MainTest.elf 
   text	   data	    bss	    dec	    hex	filename
  34876	    744	   8720	  44340	   ad34	MainTest.elf
Finished building: default.size.stdout
Finished building: MainTest.bin
 
 
Finished building: MainTest.list
 
14:25:44 **** Incremental Build of configuration Debug for project MainTest ****
make -j4 all 
arm-none-eabi-gcc "../Middlewares/Third_Party/FreeRTOS/Source/portable/MemMang/heap_4.c" -mcpu=cortex-m4 -std=gnu11 -g3 -DUSE_HAL_DRIVER -DSTM32L431xx -DDEBUG -c -I../Middlewares/Third_Party/FreeRTOS/Source/include -I../Middlewares/Third_Party/FreeRTOS/Source/portable/GCC/ARM_CM4F -I../Drivers/CMSIS/Include -I../Core/Inc -I../Drivers/CMSIS/Device/ST/STM32L4xx/Include -I../Drivers/STM32L4xx_HAL_Driver/Inc -I../Middlewares/Third_Party/FreeRTOS/Source/CMSIS_RTOS_V2 -I../../../XasCode/STM32F4 -I../Drivers/STM32L4xx_HAL_Driver/Inc/Legacy -O2 -ffunction-sections -fdata-sections -Wall -Wswitch-enum -Wconversion -fstack-usage -MMD -MP -MF"Middlewares/Third_Party/FreeRTOS/Source/portable/MemMang/heap_4.d" -MT"Middlewares/Third_Party/FreeRTOS/Source/portable/MemMang/heap_4.o" --specs=nano.specs -mfpu=fpv4-sp-d16 -mfloat-abi=hard -mthumb -o "Middlewares/Third_Party/FreeRTOS/Source/portable/MemMang/heap_4.o"
arm-none-eabi-gcc "../Middlewares/Third_Party/FreeRTOS/Source/portable/GCC/ARM_CM4F/port.c" -mcpu=cortex-m4 -std=gnu11 -g3 -DUSE_HAL_DRIVER -DSTM32L431xx -DDEBUG -c -I../Middlewares/Third_Party/FreeRTOS/Source/include -I../Middlewares/Third_Party/FreeRTOS/Source/portable/GCC/ARM_CM4F -I../Drivers/CMSIS/Include -I../Core/Inc -I../Drivers/CMSIS/Device/ST/STM32L4xx/Include -I../Drivers/STM32L4xx_HAL_Driver/Inc -I../Middlewares/Third_Party/FreeRTOS/Source/CMSIS_RTOS_V2 -I../../../XasCode/STM32F4 -I../Drivers/STM32L4xx_HAL_Driver/Inc/Legacy -O2 -ffunction-sections -fdata-sections -Wall -Wswitch-enum -Wconversion -fstack-usage -MMD -MP -MF"Middlewares/Third_Party/FreeRTOS/Source/portable/GCC/ARM_CM4F/port.d" -MT"Middlewares/Third_Party/FreeRTOS/Source/portable/GCC/ARM_CM4F/port.o" --specs=nano.specs -mfpu=fpv4-sp-d16 -mfloat-abi=hard -mthumb -o "Middlewares/Third_Party/FreeRTOS/Source/portable/GCC/ARM_CM4F/port.o"
arm-none-eabi-gcc "../Middlewares/Third_Party/FreeRTOS/Source/CMSIS_RTOS_V2/cmsis_os2.c" -mcpu=cortex-m4 -std=gnu11 -g3 -DUSE_HAL_DRIVER -DSTM32L431xx -DDEBUG -c -I../Middlewares/Third_Party/FreeRTOS/Source/include -I../Middlewares/Third_Party/FreeRTOS/Source/portable/GCC/ARM_CM4F -I../Drivers/CMSIS/Include -I../Core/Inc -I../Drivers/CMSIS/Device/ST/STM32L4xx/Include -I../Drivers/STM32L4xx_HAL_Driver/Inc -I../Middlewares/Third_Party/FreeRTOS/Source/CMSIS_RTOS_V2 -I../../../XasCode/STM32F4 -I../Drivers/STM32L4xx_HAL_Driver/Inc/Legacy -O2 -ffunction-sections -fdata-sections -Wall -Wswitch-enum -Wconversion -fstack-usage -MMD -MP -MF"Middlewares/Third_Party/FreeRTOS/Source/CMSIS_RTOS_V2/cmsis_os2.d" -MT"Middlewares/Third_Party/FreeRTOS/Source/CMSIS_RTOS_V2/cmsis_os2.o" --specs=nano.specs -mfpu=fpv4-sp-d16 -mfloat-abi=hard -mthumb -o "Middlewares/Third_Party/FreeRTOS/Source/CMSIS_RTOS_V2/cmsis_os2.o"
arm-none-eabi-gcc "../Middlewares/Third_Party/FreeRTOS/Source/croutine.c" -mcpu=cortex-m4 -std=gnu11 -g3 -DUSE_HAL_DRIVER -DSTM32L431xx -DDEBUG -c -I../Middlewares/Third_Party/FreeRTOS/Source/include -I../Middlewares/Third_Party/FreeRTOS/Source/portable/GCC/ARM_CM4F -I../Drivers/CMSIS/Include -I../Core/Inc -I../Drivers/CMSIS/Device/ST/STM32L4xx/Include -I../Drivers/STM32L4xx_HAL_Driver/Inc -I../Middlewares/Third_Party/FreeRTOS/Source/CMSIS_RTOS_V2 -I../../../XasCode/STM32F4 -I../Drivers/STM32L4xx_HAL_Driver/Inc/Legacy -O2 -ffunction-sections -fdata-sections -Wall -Wswitch-enum -Wconversion -fstack-usage -MMD -MP -MF"Middlewares/Third_Party/FreeRTOS/Source/croutine.d" -MT"Middlewares/Third_Party/FreeRTOS/Source/croutine.o" --specs=nano.specs -mfpu=fpv4-sp-d16 -mfloat-abi=hard -mthumb -o "Middlewares/Third_Party/FreeRTOS/Source/croutine.o"
../Middlewares/Third_Party/FreeRTOS/Source/portable/GCC/ARM_CM4F/port.c: In function 'xPortStartScheduler':
../Middlewares/Third_Party/FreeRTOS/Source/portable/GCC/ARM_CM4F/port.c:329:27: warning: conversion to 'uint8_t {aka volatile unsigned char}' from 'int' may alter its value [-Wconversion]
    ucMaxPriorityValue <<= ( uint8_t ) 0x01;
                           ^
../Middlewares/Third_Party/FreeRTOS/Source/portable/GCC/ARM_CM4F/port.c:357:35: warning: conversion to 'uint8_t {aka volatile unsigned char}' from 'uint32_t {aka volatile long unsigned int}' may alter its value [-Wconversion]
   *pucFirstUserPriorityRegister = ulOriginalPriority;
                                   ^~~~~~~~~~~~~~~~~~
arm-none-eabi-gcc "../Middlewares/Third_Party/FreeRTOS/Source/event_groups.c" -mcpu=cortex-m4 -std=gnu11 -g3 -DUSE_HAL_DRIVER -DSTM32L431xx -DDEBUG -c -I../Middlewares/Third_Party/FreeRTOS/Source/include -I../Middlewares/Third_Party/FreeRTOS/Source/portable/GCC/ARM_CM4F -I../Drivers/CMSIS/Include -I../Core/Inc -I../Drivers/CMSIS/Device/ST/STM32L4xx/Include -I../Drivers/STM32L4xx_HAL_Driver/Inc -I../Middlewares/Third_Party/FreeRTOS/Source/CMSIS_RTOS_V2 -I../../../XasCode/STM32F4 -I../Drivers/STM32L4xx_HAL_Driver/Inc/Legacy -O2 -ffunction-sections -fdata-sections -Wall -Wswitch-enum -Wconversion -fstack-usage -MMD -MP -MF"Middlewares/Third_Party/FreeRTOS/Source/event_groups.d" -MT"Middlewares/Third_Party/FreeRTOS/Source/event_groups.o" --specs=nano.specs -mfpu=fpv4-sp-d16 -mfloat-abi=hard -mthumb -o "Middlewares/Third_Party/FreeRTOS/Source/event_groups.o"
arm-none-eabi-gcc "../Middlewares/Third_Party/FreeRTOS/Source/list.c" -mcpu=cortex-m4 -std=gnu11 -g3 -DUSE_HAL_DRIVER -DSTM32L431xx -DDEBUG -c -I../Middlewares/Third_Party/FreeRTOS/Source/include -I../Middlewares/Third_Party/FreeRTOS/Source/portable/GCC/ARM_CM4F -I../Drivers/CMSIS/Include -I../Core/Inc -I../Drivers/CMSIS/Device/ST/STM32L4xx/Include -I../Drivers/STM32L4xx_HAL_Driver/Inc -I../Middlewares/Third_Party/FreeRTOS/Source/CMSIS_RTOS_V2 -I../../../XasCode/STM32F4 -I../Drivers/STM32L4xx_HAL_Driver/Inc/Legacy -O2 -ffunction-sections -fdata-sections -Wall -Wswitch-enum -Wconversion -fstack-usage -MMD -MP -MF"Middlewares/Third_Party/FreeRTOS/Source/list.d" -MT"Middlewares/Third_Party/FreeRTOS/Source/list.o" --specs=nano.specs -mfpu=fpv4-sp-d16 -mfloat-abi=hard -mthumb -o "Middlewares/Third_Party/FreeRTOS/Source/list.o"
arm-none-eabi-gcc "../Middlewares/Third_Party/FreeRTOS/Source/queue.c" -mcpu=cortex-m4 -std=gnu11 -g3 -DUSE_HAL_DRIVER -DSTM32L431xx -DDEBUG -c -I../Middlewares/Third_Party/FreeRTOS/Source/include -I../Middlewares/Third_Party/FreeRTOS/Source/portable/GCC/ARM_CM4F -I../Drivers/CMSIS/Include -I../Core/Inc -I../Drivers/CMSIS/Device/ST/STM32L4xx/Include -I../Drivers/STM32L4xx_HAL_Driver/Inc -I../Middlewares/Third_Party/FreeRTOS/Source/CMSIS_RTOS_V2 -I../../../XasCode/STM32F4 -I../Drivers/STM32L4xx_HAL_Driver/Inc/Legacy -O2 -ffunction-sections -fdata-sections -Wall -Wswitch-enum -Wconversion -fstack-usage -MMD -MP -MF"Middlewares/Third_Party/FreeRTOS/Source/queue.d" -MT"Middlewares/Third_Party/FreeRTOS/Source/queue.o" --specs=nano.specs -mfpu=fpv4-sp-d16 -mfloat-abi=hard -mthumb -o "Middlewares/Third_Party/FreeRTOS/Source/queue.o"
arm-none-eabi-gcc "../Middlewares/Third_Party/FreeRTOS/Source/stream_buffer.c" -mcpu=cortex-m4 -std=gnu11 -g3 -DUSE_HAL_DRIVER -DSTM32L431xx -DDEBUG -c -I../Middlewares/Third_Party/FreeRTOS/Source/include -I../Middlewares/Third_Party/FreeRTOS/Source/portable/GCC/ARM_CM4F -I../Drivers/CMSIS/Include -I../Core/Inc -I../Drivers/CMSIS/Device/ST/STM32L4xx/Include -I../Drivers/STM32L4xx_HAL_Driver/Inc -I../Middlewares/Third_Party/FreeRTOS/Source/CMSIS_RTOS_V2 -I../../../XasCode/STM32F4 -I../Drivers/STM32L4xx_HAL_Driver/Inc/Legacy -O2 -ffunction-sections -fdata-sections -Wall -Wswitch-enum -Wconversion -fstack-usage -MMD -MP -MF"Middlewares/Third_Party/FreeRTOS/Source/stream_buffer.d" -MT"Middlewares/Third_Party/FreeRTOS/Source/stream_buffer.o" --specs=nano.specs -mfpu=fpv4-sp-d16 -mfloat-abi=hard -mthumb -o "Middlewares/Third_Party/FreeRTOS/Source/stream_buffer.o"
arm-none-eabi-gcc "../Middlewares/Third_Party/FreeRTOS/Source/tasks.c" -mcpu=cortex-m4 -std=gnu11 -g3 -DUSE_HAL_DRIVER -DSTM32L431xx -DDEBUG -c -I../Middlewares/Third_Party/FreeRTOS/Source/include -I../Middlewares/Third_Party/FreeRTOS/Source/portable/GCC/ARM_CM4F -I../Drivers/CMSIS/Include -I../Core/Inc -I../Drivers/CMSIS/Device/ST/STM32L4xx/Include -I../Drivers/STM32L4xx_HAL_Driver/Inc -I../Middlewares/Third_Party/FreeRTOS/Source/CMSIS_RTOS_V2 -I../../../XasCode/STM32F4 -I../Drivers/STM32L4xx_HAL_Driver/Inc/Legacy -O2 -ffunction-sections -fdata-sections -Wall -Wswitch-enum -Wconversion -fstack-usage -MMD -MP -MF"Middlewares/Third_Party/FreeRTOS/Source/tasks.d" -MT"Middlewares/Third_Party/FreeRTOS/Source/tasks.o" --specs=nano.specs -mfpu=fpv4-sp-d16 -mfloat-abi=hard -mthumb -o "Middlewares/Third_Party/FreeRTOS/Source/tasks.o"
arm-none-eabi-gcc "../Middlewares/Third_Party/FreeRTOS/Source/timers.c" -mcpu=cortex-m4 -std=gnu11 -g3 -DUSE_HAL_DRIVER -DSTM32L431xx -DDEBUG -c -I../Middlewares/Third_Party/FreeRTOS/Source/include -I../Middlewares/Third_Party/FreeRTOS/Source/portable/GCC/ARM_CM4F -I../Drivers/CMSIS/Include -I../Core/Inc -I../Drivers/CMSIS/Device/ST/STM32L4xx/Include -I../Drivers/STM32L4xx_HAL_Driver/Inc -I../Middlewares/Third_Party/FreeRTOS/Source/CMSIS_RTOS_V2 -I../../../XasCode/STM32F4 -I../Drivers/STM32L4xx_HAL_Driver/Inc/Legacy -O2 -ffunction-sections -fdata-sections -Wall -Wswitch-enum -Wconversion -fstack-usage -MMD -MP -MF"Middlewares/Third_Party/FreeRTOS/Source/timers.d" -MT"Middlewares/Third_Party/FreeRTOS/Source/timers.o" --specs=nano.specs -mfpu=fpv4-sp-d16 -mfloat-abi=hard -mthumb -o "Middlewares/Third_Party/FreeRTOS/Source/timers.o"
../Middlewares/Third_Party/FreeRTOS/Source/timers.c: In function 'vTimerSetReloadMode':
../Middlewares/Third_Party/FreeRTOS/Source/timers.c:455:25: warning: conversion to 'uint8_t {aka unsigned char}' from 'int' may alter its value [-Wconversion]
    pxTimer->ucStatus &= ~tmrSTATUS_IS_AUTORELOAD;
                         ^
../Middlewares/Third_Party/FreeRTOS/Source/timers.c: In function 'prvProcessExpiredTimer':
../Middlewares/Third_Party/FreeRTOS/Source/timers.c:514:24: warning: conversion to 'uint8_t {aka unsigned char}' from 'int' may alter its value [-Wconversion]
   pxTimer->ucStatus &= ~tmrSTATUS_IS_ACTIVE;
                        ^
../Middlewares/Third_Party/FreeRTOS/Source/timers.c: In function 'prvProcessReceivedCommands':
../Middlewares/Third_Party/FreeRTOS/Source/timers.c:804:27: warning: conversion to 'uint8_t {aka unsigned char}' from 'int' may alter its value [-Wconversion]
      pxTimer->ucStatus &= ~tmrSTATUS_IS_ACTIVE;
                           ^
../Middlewares/Third_Party/FreeRTOS/Source/timers.c:834:29: warning: conversion to 'uint8_t {aka unsigned char}' from 'int' may alter its value [-Wconversion]
        pxTimer->ucStatus &= ~tmrSTATUS_IS_ACTIVE;
                             ^
arm-none-eabi-gcc "../Drivers/STM32L4xx_HAL_Driver/Src/stm32l4xx_hal.c" -mcpu=cortex-m4 -std=gnu11 -g3 -DUSE_HAL_DRIVER -DSTM32L431xx -DDEBUG -c -I../Middlewares/Third_Party/FreeRTOS/Source/include -I../Middlewares/Third_Party/FreeRTOS/Source/portable/GCC/ARM_CM4F -I../Drivers/CMSIS/Include -I../Core/Inc -I../Drivers/CMSIS/Device/ST/STM32L4xx/Include -I../Drivers/STM32L4xx_HAL_Driver/Inc -I../Middlewares/Third_Party/FreeRTOS/Source/CMSIS_RTOS_V2 -I../../../XasCode/STM32F4 -I../Drivers/STM32L4xx_HAL_Driver/Inc/Legacy -O2 -ffunction-sections -fdata-sections -Wall -Wswitch-enum -Wconversion -fstack-usage -MMD -MP -MF"Drivers/STM32L4xx_HAL_Driver/Src/stm32l4xx_hal.d" -MT"Drivers/STM32L4xx_HAL_Driver/Src/stm32l4xx_hal.o" --specs=nano.specs -mfpu=fpv4-sp-d16 -mfloat-abi=hard -mthumb -o "Drivers/STM32L4xx_HAL_Driver/Src/stm32l4xx_hal.o"
arm-none-eabi-gcc "../Drivers/STM32L4xx_HAL_Driver/Src/stm32l4xx_hal_cortex.c" -mcpu=cortex-m4 -std=gnu11 -g3 -DUSE_HAL_DRIVER -DSTM32L431xx -DDEBUG -c -I../Middlewares/Third_Party/FreeRTOS/Source/include -I../Middlewares/Third_Party/FreeRTOS/Source/portable/GCC/ARM_CM4F -I../Drivers/CMSIS/Include -I../Core/Inc -I../Drivers/CMSIS/Device/ST/STM32L4xx/Include -I../Drivers/STM32L4xx_HAL_Driver/Inc -I../Middlewares/Third_Party/FreeRTOS/Source/CMSIS_RTOS_V2 -I../../../XasCode/STM32F4 -I../Drivers/STM32L4xx_HAL_Driver/Inc/Legacy -O2 -ffunction-sections -fdata-sections -Wall -Wswitch-enum -Wconversion -fstack-usage -MMD -MP -MF"Drivers/STM32L4xx_HAL_Driver/Src/stm32l4xx_hal_cortex.d" -MT"Drivers/STM32L4xx_HAL_Driver/Src/stm32l4xx_hal_cortex.o" --specs=nano.specs -mfpu=fpv4-sp-d16 -mfloat-abi=hard -mthumb -o "Drivers/STM32L4xx_HAL_Driver/Src/stm32l4xx_hal_cortex.o"
arm-none-eabi-gcc "../Drivers/STM32L4xx_HAL_Driver/Src/stm32l4xx_hal_dma.c" -mcpu=cortex-m4 -std=gnu11 -g3 -DUSE_HAL_DRIVER -DSTM32L431xx -DDEBUG -c -I../Middlewares/Third_Party/FreeRTOS/Source/include -I../Middlewares/Third_Party/FreeRTOS/Source/portable/GCC/ARM_CM4F -I../Drivers/CMSIS/Include -I../Core/Inc -I../Drivers/CMSIS/Device/ST/STM32L4xx/Include -I../Drivers/STM32L4xx_HAL_Driver/Inc -I../Middlewares/Third_Party/FreeRTOS/Source/CMSIS_RTOS_V2 -I../../../XasCode/STM32F4 -I../Drivers/STM32L4xx_HAL_Driver/Inc/Legacy -O2 -ffunction-sections -fdata-sections -Wall -Wswitch-enum -Wconversion -fstack-usage -MMD -MP -MF"Drivers/STM32L4xx_HAL_Driver/Src/stm32l4xx_hal_dma.d" -MT"Drivers/STM32L4xx_HAL_Driver/Src/stm32l4xx_hal_dma.o" --specs=nano.specs -mfpu=fpv4-sp-d16 -mfloat-abi=hard -mthumb -o "Drivers/STM32L4xx_HAL_Driver/Src/stm32l4xx_hal_dma.o"
../Drivers/STM32L4xx_HAL_Driver/Src/stm32l4xx_hal_dma.c: In function 'HAL_DMA_RegisterCallback':
../Drivers/STM32L4xx_HAL_Driver/Src/stm32l4xx_hal_dma.c:910:5: warning: enumeration value 'HAL_DMA_XFER_ALL_CB_ID' not handled in switch [-Wswitch-enum]
     switch (CallbackID)
     ^~~~~~
arm-none-eabi-gcc "../Drivers/STM32L4xx_HAL_Driver/Src/stm32l4xx_hal_dma_ex.c" -mcpu=cortex-m4 -std=gnu11 -g3 -DUSE_HAL_DRIVER -DSTM32L431xx -DDEBUG -c -I../Middlewares/Third_Party/FreeRTOS/Source/include -I../Middlewares/Third_Party/FreeRTOS/Source/portable/GCC/ARM_CM4F -I../Drivers/CMSIS/Include -I../Core/Inc -I../Drivers/CMSIS/Device/ST/STM32L4xx/Include -I../Drivers/STM32L4xx_HAL_Driver/Inc -I../Middlewares/Third_Party/FreeRTOS/Source/CMSIS_RTOS_V2 -I../../../XasCode/STM32F4 -I../Drivers/STM32L4xx_HAL_Driver/Inc/Legacy -O2 -ffunction-sections -fdata-sections -Wall -Wswitch-enum -Wconversion -fstack-usage -MMD -MP -MF"Drivers/STM32L4xx_HAL_Driver/Src/stm32l4xx_hal_dma_ex.d" -MT"Drivers/STM32L4xx_HAL_Driver/Src/stm32l4xx_hal_dma_ex.o" --specs=nano.specs -mfpu=fpv4-sp-d16 -mfloat-abi=hard -mthumb -o "Drivers/STM32L4xx_HAL_Driver/Src/stm32l4xx_hal_dma_ex.o"
arm-none-eabi-gcc "../Drivers/STM32L4xx_HAL_Driver/Src/stm32l4xx_hal_exti.c" -mcpu=cortex-m4 -std=gnu11 -g3 -DUSE_HAL_DRIVER -DSTM32L431xx -DDEBUG -c -I../Middlewares/Third_Party/FreeRTOS/Source/include -I../Middlewares/Third_Party/FreeRTOS/Source/portable/GCC/ARM_CM4F -I../Drivers/CMSIS/Include -I../Core/Inc -I../Drivers/CMSIS/Device/ST/STM32L4xx/Include -I../Drivers/STM32L4xx_HAL_Driver/Inc -I../Middlewares/Third_Party/FreeRTOS/Source/CMSIS_RTOS_V2 -I../../../XasCode/STM32F4 -I../Drivers/STM32L4xx_HAL_Driver/Inc/Legacy -O2 -ffunction-sections -fdata-sections -Wall -Wswitch-enum -Wconversion -fstack-usage -MMD -MP -MF"Drivers/STM32L4xx_HAL_Driver/Src/stm32l4xx_hal_exti.d" -MT"Drivers/STM32L4xx_HAL_Driver/Src/stm32l4xx_hal_exti.o" --specs=nano.specs -mfpu=fpv4-sp-d16 -mfloat-abi=hard -mthumb -o "Drivers/STM32L4xx_HAL_Driver/Src/stm32l4xx_hal_exti.o"
arm-none-eabi-gcc "../Drivers/STM32L4xx_HAL_Driver/Src/stm32l4xx_hal_flash.c" -mcpu=cortex-m4 -std=gnu11 -g3 -DUSE_HAL_DRIVER -DSTM32L431xx -DDEBUG -c -I../Middlewares/Third_Party/FreeRTOS/Source/include -I../Middlewares/Third_Party/FreeRTOS/Source/portable/GCC/ARM_CM4F -I../Drivers/CMSIS/Include -I../Core/Inc -I../Drivers/CMSIS/Device/ST/STM32L4xx/Include -I../Drivers/STM32L4xx_HAL_Driver/Inc -I../Middlewares/Third_Party/FreeRTOS/Source/CMSIS_RTOS_V2 -I../../../XasCode/STM32F4 -I../Drivers/STM32L4xx_HAL_Driver/Inc/Legacy -O2 -ffunction-sections -fdata-sections -Wall -Wswitch-enum -Wconversion -fstack-usage -MMD -MP -MF"Drivers/STM32L4xx_HAL_Driver/Src/stm32l4xx_hal_flash.d" -MT"Drivers/STM32L4xx_HAL_Driver/Src/stm32l4xx_hal_flash.o" --specs=nano.specs -mfpu=fpv4-sp-d16 -mfloat-abi=hard -mthumb -o "Drivers/STM32L4xx_HAL_Driver/Src/stm32l4xx_hal_flash.o"
arm-none-eabi-gcc "../Drivers/STM32L4xx_HAL_Driver/Src/stm32l4xx_hal_flash_ex.c" -mcpu=cortex-m4 -std=gnu11 -g3 -DUSE_HAL_DRIVER -DSTM32L431xx -DDEBUG -c -I../Middlewares/Third_Party/FreeRTOS/Source/include -I../Middlewares/Third_Party/FreeRTOS/Source/portable/GCC/ARM_CM4F -I../Drivers/CMSIS/Include -I../Core/Inc -I../Drivers/CMSIS/Device/ST/STM32L4xx/Include -I../Drivers/STM32L4xx_HAL_Driver/Inc -I../Middlewares/Third_Party/FreeRTOS/Source/CMSIS_RTOS_V2 -I../../../XasCode/STM32F4 -I../Drivers/STM32L4xx_HAL_Driver/Inc/Legacy -O2 -ffunction-sections -fdata-sections -Wall -Wswitch-enum -Wconversion -fstack-usage -MMD -MP -MF"Drivers/STM32L4xx_HAL_Driver/Src/stm32l4xx_hal_flash_ex.d" -MT"Drivers/STM32L4xx_HAL_Driver/Src/stm32l4xx_hal_flash_ex.o" --specs=nano.specs -mfpu=fpv4-sp-d16 -mfloat-abi=hard -mthumb -o "Drivers/STM32L4xx_HAL_Driver/Src/stm32l4xx_hal_flash_ex.o"
../Drivers/STM32L4xx_HAL_Driver/Src/stm32l4xx_hal_exti.c: In function 'HAL_EXTI_RegisterCallback':
../Drivers/STM32L4xx_HAL_Driver/Src/stm32l4xx_hal_exti.c:442:3: warning: enumeration value 'HAL_EXTI_RISING_CB_ID' not handled in switch [-Wswitch-enum]
   switch (CallbackID)
   ^~~~~~
../Drivers/STM32L4xx_HAL_Driver/Src/stm32l4xx_hal_exti.c:442:3: warning: enumeration value 'HAL_EXTI_FALLING_CB_ID' not handled in switch [-Wswitch-enum]
arm-none-eabi-gcc "../Drivers/STM32L4xx_HAL_Driver/Src/stm32l4xx_hal_flash_ramfunc.c" -mcpu=cortex-m4 -std=gnu11 -g3 -DUSE_HAL_DRIVER -DSTM32L431xx -DDEBUG -c -I../Middlewares/Third_Party/FreeRTOS/Source/include -I../Middlewares/Third_Party/FreeRTOS/Source/portable/GCC/ARM_CM4F -I../Drivers/CMSIS/Include -I../Core/Inc -I../Drivers/CMSIS/Device/ST/STM32L4xx/Include -I../Drivers/STM32L4xx_HAL_Driver/Inc -I../Middlewares/Third_Party/FreeRTOS/Source/CMSIS_RTOS_V2 -I../../../XasCode/STM32F4 -I../Drivers/STM32L4xx_HAL_Driver/Inc/Legacy -O2 -ffunction-sections -fdata-sections -Wall -Wswitch-enum -Wconversion -fstack-usage -MMD -MP -MF"Drivers/STM32L4xx_HAL_Driver/Src/stm32l4xx_hal_flash_ramfunc.d" -MT"Drivers/STM32L4xx_HAL_Driver/Src/stm32l4xx_hal_flash_ramfunc.o" --specs=nano.specs -mfpu=fpv4-sp-d16 -mfloat-abi=hard -mthumb -o "Drivers/STM32L4xx_HAL_Driver/Src/stm32l4xx_hal_flash_ramfunc.o"
arm-none-eabi-gcc "../Drivers/STM32L4xx_HAL_Driver/Src/stm32l4xx_hal_gpio.c" -mcpu=cortex-m4 -std=gnu11 -g3 -DUSE_HAL_DRIVER -DSTM32L431xx -DDEBUG -c -I../Middlewares/Third_Party/FreeRTOS/Source/include -I../Middlewares/Third_Party/FreeRTOS/Source/portable/GCC/ARM_CM4F -I../Drivers/CMSIS/Include -I../Core/Inc -I../Drivers/CMSIS/Device/ST/STM32L4xx/Include -I../Drivers/STM32L4xx_HAL_Driver/Inc -I../Middlewares/Third_Party/FreeRTOS/Source/CMSIS_RTOS_V2 -I../../../XasCode/STM32F4 -I../Drivers/STM32L4xx_HAL_Driver/Inc/Legacy -O2 -ffunction-sections -fdata-sections -Wall -Wswitch-enum -Wconversion -fstack-usage -MMD -MP -MF"Drivers/STM32L4xx_HAL_Driver/Src/stm32l4xx_hal_gpio.d" -MT"Drivers/STM32L4xx_HAL_Driver/Src/stm32l4xx_hal_gpio.o" --specs=nano.specs -mfpu=fpv4-sp-d16 -mfloat-abi=hard -mthumb -o "Drivers/STM32L4xx_HAL_Driver/Src/stm32l4xx_hal_gpio.o"
arm-none-eabi-gcc "../Drivers/STM32L4xx_HAL_Driver/Src/stm32l4xx_hal_i2c.c" -mcpu=cortex-m4 -std=gnu11 -g3 -DUSE_HAL_DRIVER -DSTM32L431xx -DDEBUG -c -I../Middlewares/Third_Party/FreeRTOS/Source/include -I../Middlewares/Third_Party/FreeRTOS/Source/portable/GCC/ARM_CM4F -I../Drivers/CMSIS/Include -I../Core/Inc -I../Drivers/CMSIS/Device/ST/STM32L4xx/Include -I../Drivers/STM32L4xx_HAL_Driver/Inc -I../Middlewares/Third_Party/FreeRTOS/Source/CMSIS_RTOS_V2 -I../../../XasCode/STM32F4 -I../Drivers/STM32L4xx_HAL_Driver/Inc/Legacy -O2 -ffunction-sections -fdata-sections -Wall -Wswitch-enum -Wconversion -fstack-usage -MMD -MP -MF"Drivers/STM32L4xx_HAL_Driver/Src/stm32l4xx_hal_i2c.d" -MT"Drivers/STM32L4xx_HAL_Driver/Src/stm32l4xx_hal_i2c.o" --specs=nano.specs -mfpu=fpv4-sp-d16 -mfloat-abi=hard -mthumb -o "Drivers/STM32L4xx_HAL_Driver/Src/stm32l4xx_hal_i2c.o"
arm-none-eabi-gcc "../Drivers/STM32L4xx_HAL_Driver/Src/stm32l4xx_hal_i2c_ex.c" -mcpu=cortex-m4 -std=gnu11 -g3 -DUSE_HAL_DRIVER -DSTM32L431xx -DDEBUG -c -I../Middlewares/Third_Party/FreeRTOS/Source/include -I../Middlewares/Third_Party/FreeRTOS/Source/portable/GCC/ARM_CM4F -I../Drivers/CMSIS/Include -I../Core/Inc -I../Drivers/CMSIS/Device/ST/STM32L4xx/Include -I../Drivers/STM32L4xx_HAL_Driver/Inc -I../Middlewares/Third_Party/FreeRTOS/Source/CMSIS_RTOS_V2 -I../../../XasCode/STM32F4 -I../Drivers/STM32L4xx_HAL_Driver/Inc/Legacy -O2 -ffunction-sections -fdata-sections -Wall -Wswitch-enum -Wconversion -fstack-usage -MMD -MP -MF"Drivers/STM32L4xx_HAL_Driver/Src/stm32l4xx_hal_i2c_ex.d" -MT"Drivers/STM32L4xx_HAL_Driver/Src/stm32l4xx_hal_i2c_ex.o" --specs=nano.specs -mfpu=fpv4-sp-d16 -mfloat-abi=hard -mthumb -o "Drivers/STM32L4xx_HAL_Driver/Src/stm32l4xx_hal_i2c_ex.o"
../Drivers/STM32L4xx_HAL_Driver/Src/stm32l4xx_hal_i2c.c: In function 'HAL_I2C_Master_Transmit_DMA':
../Drivers/STM32L4xx_HAL_Driver/Src/stm32l4xx_hal_i2c.c:1864:28: warning: conversion to 'uint16_t {aka volatile short unsigned int}' from 'int' may alter its value [-Wconversion]
         hi2c->XferCount -= hi2c->XferSize;
                            ^~~~
../Drivers/STM32L4xx_HAL_Driver/Src/stm32l4xx_hal_i2c.c: In function 'HAL_I2C_Master_Receive_DMA':
../Drivers/STM32L4xx_HAL_Driver/Src/stm32l4xx_hal_i2c.c:2007:28: warning: conversion to 'uint16_t {aka volatile short unsigned int}' from 'int' may alter its value [-Wconversion]
         hi2c->XferCount -= hi2c->XferSize;
                            ^~~~
../Drivers/STM32L4xx_HAL_Driver/Src/stm32l4xx_hal_i2c.c: In function 'HAL_I2C_Mem_Write_DMA':
../Drivers/STM32L4xx_HAL_Driver/Src/stm32l4xx_hal_i2c.c:2827:26: warning: conversion to 'uint16_t {aka volatile short unsigned int}' from 'int' may alter its value [-Wconversion]
       hi2c->XferCount -= hi2c->XferSize;
                          ^~~~
../Drivers/STM32L4xx_HAL_Driver/Src/stm32l4xx_hal_i2c.c: In function 'HAL_I2C_Mem_Read_DMA':
../Drivers/STM32L4xx_HAL_Driver/Src/stm32l4xx_hal_i2c.c:2969:26: warning: conversion to 'uint16_t {aka volatile short unsigned int}' from 'int' may alter its value [-Wconversion]
       hi2c->XferCount -= hi2c->XferSize;
                          ^~~~
../Drivers/STM32L4xx_HAL_Driver/Src/stm32l4xx_hal_i2c.c: In function 'HAL_I2C_Master_Seq_Transmit_DMA':
../Drivers/STM32L4xx_HAL_Driver/Src/stm32l4xx_hal_i2c.c:3335:28: warning: conversion to 'uint16_t {aka volatile short unsigned int}' from 'int' may alter its value [-Wconversion]
         hi2c->XferCount -= hi2c->XferSize;
                            ^~~~
../Drivers/STM32L4xx_HAL_Driver/Src/stm32l4xx_hal_i2c.c: In function 'HAL_I2C_Master_Seq_Receive_DMA':
../Drivers/STM32L4xx_HAL_Driver/Src/stm32l4xx_hal_i2c.c:3581:28: warning: conversion to 'uint16_t {aka volatile short unsigned int}' from 'int' may alter its value [-Wconversion]
         hi2c->XferCount -= hi2c->XferSize;
                            ^~~~
../Drivers/STM32L4xx_HAL_Driver/Src/stm32l4xx_hal_i2c.c: In function 'HAL_I2C_Slave_Seq_Transmit_DMA':
../Drivers/STM32L4xx_HAL_Driver/Src/stm32l4xx_hal_i2c.c:3866:26: warning: conversion to 'uint16_t {aka volatile short unsigned int}' from 'int' may alter its value [-Wconversion]
       hi2c->XferCount -= hi2c->XferSize;
                          ^~~~
../Drivers/STM32L4xx_HAL_Driver/Src/stm32l4xx_hal_i2c.c: In function 'HAL_I2C_Slave_Seq_Receive_DMA':
../Drivers/STM32L4xx_HAL_Driver/Src/stm32l4xx_hal_i2c.c:4140:26: warning: conversion to 'uint16_t {aka volatile short unsigned int}' from 'int' may alter its value [-Wconversion]
       hi2c->XferCount -= hi2c->XferSize;
                          ^~~~
../Drivers/STM32L4xx_HAL_Driver/Src/stm32l4xx_hal_i2c.c: In function 'I2C_Master_ISR_DMA':
../Drivers/STM32L4xx_HAL_Driver/Src/stm32l4xx_hal_i2c.c:4937:26: warning: conversion to 'uint16_t {aka volatile short unsigned int}' from 'int' may alter its value [-Wconversion]
       hi2c->XferCount -= hi2c->XferSize;
                          ^~~~
arm-none-eabi-gcc "../Drivers/STM32L4xx_HAL_Driver/Src/stm32l4xx_hal_pwr.c" -mcpu=cortex-m4 -std=gnu11 -g3 -DUSE_HAL_DRIVER -DSTM32L431xx -DDEBUG -c -I../Middlewares/Third_Party/FreeRTOS/Source/include -I../Middlewares/Third_Party/FreeRTOS/Source/portable/GCC/ARM_CM4F -I../Drivers/CMSIS/Include -I../Core/Inc -I../Drivers/CMSIS/Device/ST/STM32L4xx/Include -I../Drivers/STM32L4xx_HAL_Driver/Inc -I../Middlewares/Third_Party/FreeRTOS/Source/CMSIS_RTOS_V2 -I../../../XasCode/STM32F4 -I../Drivers/STM32L4xx_HAL_Driver/Inc/Legacy -O2 -ffunction-sections -fdata-sections -Wall -Wswitch-enum -Wconversion -fstack-usage -MMD -MP -MF"Drivers/STM32L4xx_HAL_Driver/Src/stm32l4xx_hal_pwr.d" -MT"Drivers/STM32L4xx_HAL_Driver/Src/stm32l4xx_hal_pwr.o" --specs=nano.specs -mfpu=fpv4-sp-d16 -mfloat-abi=hard -mthumb -o "Drivers/STM32L4xx_HAL_Driver/Src/stm32l4xx_hal_pwr.o"
arm-none-eabi-gcc "../Drivers/STM32L4xx_HAL_Driver/Src/stm32l4xx_hal_pwr_ex.c" -mcpu=cortex-m4 -std=gnu11 -g3 -DUSE_HAL_DRIVER -DSTM32L431xx -DDEBUG -c -I../Middlewares/Third_Party/FreeRTOS/Source/include -I../Middlewares/Third_Party/FreeRTOS/Source/portable/GCC/ARM_CM4F -I../Drivers/CMSIS/Include -I../Core/Inc -I../Drivers/CMSIS/Device/ST/STM32L4xx/Include -I../Drivers/STM32L4xx_HAL_Driver/Inc -I../Middlewares/Third_Party/FreeRTOS/Source/CMSIS_RTOS_V2 -I../../../XasCode/STM32F4 -I../Drivers/STM32L4xx_HAL_Driver/Inc/Legacy -O2 -ffunction-sections -fdata-sections -Wall -Wswitch-enum -Wconversion -fstack-usage -MMD -MP -MF"Drivers/STM32L4xx_HAL_Driver/Src/stm32l4xx_hal_pwr_ex.d" -MT"Drivers/STM32L4xx_HAL_Driver/Src/stm32l4xx_hal_pwr_ex.o" --specs=nano.specs -mfpu=fpv4-sp-d16 -mfloat-abi=hard -mthumb -o "Drivers/STM32L4xx_HAL_Driver/Src/stm32l4xx_hal_pwr_ex.o"
arm-none-eabi-gcc "../Drivers/STM32L4xx_HAL_Driver/Src/stm32l4xx_hal_rcc.c" -mcpu=cortex-m4 -std=gnu11 -g3 -DUSE_HAL_DRIVER -DSTM32L431xx -DDEBUG -c -I../Middlewares/Third_Party/FreeRTOS/Source/include -I../Middlewares/Third_Party/FreeRTOS/Source/portable/GCC/ARM_CM4F -I../Drivers/CMSIS/Include -I../Core/Inc -I../Drivers/CMSIS/Device/ST/STM32L4xx/Include -I../Drivers/STM32L4xx_HAL_Driver/Inc -I../Middlewares/Third_Party/FreeRTOS/Source/CMSIS_RTOS_V2 -I../../../XasCode/STM32F4 -I../Drivers/STM32L4xx_HAL_Driver/Inc/Legacy -O2 -ffunction-sections -fdata-sections -Wall -Wswitch-enum -Wconversion -fstack-usage -MMD -MP -MF"Drivers/STM32L4xx_HAL_Driver/Src/stm32l4xx_hal_rcc.d" -MT"Drivers/STM32L4xx_HAL_Driver/Src/stm32l4xx_hal_rcc.o" --specs=nano.specs -mfpu=fpv4-sp-d16 -mfloat-abi=hard -mthumb -o "Drivers/STM32L4xx_HAL_Driver/Src/stm32l4xx_hal_rcc.o"
arm-none-eabi-gcc "../Drivers/STM32L4xx_HAL_Driver/Src/stm32l4xx_hal_rcc_ex.c" -mcpu=cortex-m4 -std=gnu11 -g3 -DUSE_HAL_DRIVER -DSTM32L431xx -DDEBUG -c -I../Middlewares/Third_Party/FreeRTOS/Source/include -I../Middlewares/Third_Party/FreeRTOS/Source/portable/GCC/ARM_CM4F -I../Drivers/CMSIS/Include -I../Core/Inc -I../Drivers/CMSIS/Device/ST/STM32L4xx/Include -I../Drivers/STM32L4xx_HAL_Driver/Inc -I../Middlewares/Third_Party/FreeRTOS/Source/CMSIS_RTOS_V2 -I../../../XasCode/STM32F4 -I../Drivers/STM32L4xx_HAL_Driver/Inc/Legacy -O2 -ffunction-sections -fdata-sections -Wall -Wswitch-enum -Wconversion -fstack-usage -MMD -MP -MF"Drivers/STM32L4xx_HAL_Driver/Src/stm32l4xx_hal_rcc_ex.d" -MT"Drivers/STM32L4xx_HAL_Driver/Src/stm32l4xx_hal_rcc_ex.o" --specs=nano.specs -mfpu=fpv4-sp-d16 -mfloat-abi=hard -mthumb -o "Drivers/STM32L4xx_HAL_Driver/Src/stm32l4xx_hal_rcc_ex.o"
arm-none-eabi-gcc "../Drivers/STM32L4xx_HAL_Driver/Src/stm32l4xx_hal_spi.c" -mcpu=cortex-m4 -std=gnu11 -g3 -DUSE_HAL_DRIVER -DSTM32L431xx -DDEBUG -c -I../Middlewares/Third_Party/FreeRTOS/Source/include -I../Middlewares/Third_Party/FreeRTOS/Source/portable/GCC/ARM_CM4F -I../Drivers/CMSIS/Include -I../Core/Inc -I../Drivers/CMSIS/Device/ST/STM32L4xx/Include -I../Drivers/STM32L4xx_HAL_Driver/Inc -I../Middlewares/Third_Party/FreeRTOS/Source/CMSIS_RTOS_V2 -I../../../XasCode/STM32F4 -I../Drivers/STM32L4xx_HAL_Driver/Inc/Legacy -O2 -ffunction-sections -fdata-sections -Wall -Wswitch-enum -Wconversion -fstack-usage -MMD -MP -MF"Drivers/STM32L4xx_HAL_Driver/Src/stm32l4xx_hal_spi.d" -MT"Drivers/STM32L4xx_HAL_Driver/Src/stm32l4xx_hal_spi.o" --specs=nano.specs -mfpu=fpv4-sp-d16 -mfloat-abi=hard -mthumb -o "Drivers/STM32L4xx_HAL_Driver/Src/stm32l4xx_hal_spi.o"
arm-none-eabi-gcc "../Drivers/STM32L4xx_HAL_Driver/Src/stm32l4xx_hal_spi_ex.c" -mcpu=cortex-m4 -std=gnu11 -g3 -DUSE_HAL_DRIVER -DSTM32L431xx -DDEBUG -c -I../Middlewares/Third_Party/FreeRTOS/Source/include -I../Middlewares/Third_Party/FreeRTOS/Source/portable/GCC/ARM_CM4F -I../Drivers/CMSIS/Include -I../Core/Inc -I../Drivers/CMSIS/Device/ST/STM32L4xx/Include -I../Drivers/STM32L4xx_HAL_Driver/Inc -I../Middlewares/Third_Party/FreeRTOS/Source/CMSIS_RTOS_V2 -I../../../XasCode/STM32F4 -I../Drivers/STM32L4xx_HAL_Driver/Inc/Legacy -O2 -ffunction-sections -fdata-sections -Wall -Wswitch-enum -Wconversion -fstack-usage -MMD -MP -MF"Drivers/STM32L4xx_HAL_Driver/Src/stm32l4xx_hal_spi_ex.d" -MT"Drivers/STM32L4xx_HAL_Driver/Src/stm32l4xx_hal_spi_ex.o" --specs=nano.specs -mfpu=fpv4-sp-d16 -mfloat-abi=hard -mthumb -o "Drivers/STM32L4xx_HAL_Driver/Src/stm32l4xx_hal_spi_ex.o"
../Drivers/STM32L4xx_HAL_Driver/Src/stm32l4xx_hal_spi.c: In function 'HAL_SPI_Transmit':
../Drivers/STM32L4xx_HAL_Driver/Src/stm32l4xx_hal_spi.c:892:30: warning: conversion to 'uint16_t {aka volatile short unsigned int}' from 'unsigned int' may alter its value [-Wconversion]
         hspi->TxXferCount -= 2U;
                              ^~
../Drivers/STM32L4xx_HAL_Driver/Src/stm32l4xx_hal_spi.c:911:32: warning: conversion to 'uint16_t {aka volatile short unsigned int}' from 'unsigned int' may alter its value [-Wconversion]
           hspi->TxXferCount -= 2U;
                                ^~
../Drivers/STM32L4xx_HAL_Driver/Src/stm32l4xx_hal_spi.c: In function 'HAL_SPI_TransmitReceive':
../Drivers/STM32L4xx_HAL_Driver/Src/stm32l4xx_hal_spi.c:1351:30: warning: conversion to 'uint16_t {aka volatile short unsigned int}' from 'unsigned int' may alter its value [-Wconversion]
         hspi->TxXferCount -= 2U;
                              ^~
../Drivers/STM32L4xx_HAL_Driver/Src/stm32l4xx_hal_spi.c:1369:32: warning: conversion to 'uint16_t {aka volatile short unsigned int}' from 'unsigned int' may alter its value [-Wconversion]
           hspi->TxXferCount -= 2U;
                                ^~
../Drivers/STM32L4xx_HAL_Driver/Src/stm32l4xx_hal_spi.c:1401:32: warning: conversion to 'uint16_t {aka volatile short unsigned int}' from 'unsigned int' may alter its value [-Wconversion]
           hspi->RxXferCount -= 2U;
                                ^~
../Drivers/STM32L4xx_HAL_Driver/Src/stm32l4xx_hal_spi.c: In function 'HAL_SPI_Transmit_DMA':
../Drivers/STM32L4xx_HAL_Driver/Src/stm32l4xx_hal_spi.c:1870:27: warning: conversion to 'uint16_t {aka volatile short unsigned int}' from 'unsigned int' may alter its value [-Wconversion]
       hspi->TxXferCount = (hspi->TxXferCount >> 1U) + 1U;
                           ^
../Drivers/STM32L4xx_HAL_Driver/Src/stm32l4xx_hal_spi.c: In function 'HAL_SPI_Receive_DMA':
../Drivers/STM32L4xx_HAL_Driver/Src/stm32l4xx_hal_spi.c:1999:29: warning: conversion to 'uint16_t {aka volatile short unsigned int}' from 'unsigned int' may alter its value [-Wconversion]
         hspi->RxXferCount = (hspi->RxXferCount >> 1U) + 1U;
                             ^
../Drivers/STM32L4xx_HAL_Driver/Src/stm32l4xx_hal_spi.c: In function 'HAL_SPI_TransmitReceive_DMA':
../Drivers/STM32L4xx_HAL_Driver/Src/stm32l4xx_hal_spi.c:2141:29: warning: conversion to 'uint16_t {aka volatile short unsigned int}' from 'unsigned int' may alter its value [-Wconversion]
         hspi->TxXferCount = (hspi->TxXferCount >> 1U) + 1U;
                             ^
../Drivers/STM32L4xx_HAL_Driver/Src/stm32l4xx_hal_spi.c:2158:29: warning: conversion to 'uint16_t {aka volatile short unsigned int}' from 'unsigned int' may alter its value [-Wconversion]
         hspi->RxXferCount = (hspi->RxXferCount >> 1U) + 1U;
                             ^
../Drivers/STM32L4xx_HAL_Driver/Src/stm32l4xx_hal_spi.c: In function 'SPI_2linesRxISR_8BIT':
../Drivers/STM32L4xx_HAL_Driver/Src/stm32l4xx_hal_spi.c:3419:26: warning: conversion to 'uint16_t {aka volatile short unsigned int}' from 'unsigned int' may alter its value [-Wconversion]
     hspi->RxXferCount -= 2U;
                          ^~
../Drivers/STM32L4xx_HAL_Driver/Src/stm32l4xx_hal_spi.c: In function 'SPI_2linesTxISR_8BIT':
../Drivers/STM32L4xx_HAL_Driver/Src/stm32l4xx_hal_spi.c:3497:26: warning: conversion to 'uint16_t {aka volatile short unsigned int}' from 'unsigned int' may alter its value [-Wconversion]
     hspi->TxXferCount -= 2U;
                          ^~
arm-none-eabi-gcc "../Drivers/STM32L4xx_HAL_Driver/Src/stm32l4xx_hal_tim.c" -mcpu=cortex-m4 -std=gnu11 -g3 -DUSE_HAL_DRIVER -DSTM32L431xx -DDEBUG -c -I../Middlewares/Third_Party/FreeRTOS/Source/include -I../Middlewares/Third_Party/FreeRTOS/Source/portable/GCC/ARM_CM4F -I../Drivers/CMSIS/Include -I../Core/Inc -I../Drivers/CMSIS/Device/ST/STM32L4xx/Include -I../Drivers/STM32L4xx_HAL_Driver/Inc -I../Middlewares/Third_Party/FreeRTOS/Source/CMSIS_RTOS_V2 -I../../../XasCode/STM32F4 -I../Drivers/STM32L4xx_HAL_Driver/Inc/Legacy -O2 -ffunction-sections -fdata-sections -Wall -Wswitch-enum -Wconversion -fstack-usage -MMD -MP -MF"Drivers/STM32L4xx_HAL_Driver/Src/stm32l4xx_hal_tim.d" -MT"Drivers/STM32L4xx_HAL_Driver/Src/stm32l4xx_hal_tim.o" --specs=nano.specs -mfpu=fpv4-sp-d16 -mfloat-abi=hard -mthumb -o "Drivers/STM32L4xx_HAL_Driver/Src/stm32l4xx_hal_tim.o"
arm-none-eabi-gcc "../Drivers/STM32L4xx_HAL_Driver/Src/stm32l4xx_hal_tim_ex.c" -mcpu=cortex-m4 -std=gnu11 -g3 -DUSE_HAL_DRIVER -DSTM32L431xx -DDEBUG -c -I../Middlewares/Third_Party/FreeRTOS/Source/include -I../Middlewares/Third_Party/FreeRTOS/Source/portable/GCC/ARM_CM4F -I../Drivers/CMSIS/Include -I../Core/Inc -I../Drivers/CMSIS/Device/ST/STM32L4xx/Include -I../Drivers/STM32L4xx_HAL_Driver/Inc -I../Middlewares/Third_Party/FreeRTOS/Source/CMSIS_RTOS_V2 -I../../../XasCode/STM32F4 -I../Drivers/STM32L4xx_HAL_Driver/Inc/Legacy -O2 -ffunction-sections -fdata-sections -Wall -Wswitch-enum -Wconversion -fstack-usage -MMD -MP -MF"Drivers/STM32L4xx_HAL_Driver/Src/stm32l4xx_hal_tim_ex.d" -MT"Drivers/STM32L4xx_HAL_Driver/Src/stm32l4xx_hal_tim_ex.o" --specs=nano.specs -mfpu=fpv4-sp-d16 -mfloat-abi=hard -mthumb -o "Drivers/STM32L4xx_HAL_Driver/Src/stm32l4xx_hal_tim_ex.o"
arm-none-eabi-gcc "../Drivers/STM32L4xx_HAL_Driver/Src/stm32l4xx_hal_uart.c" -mcpu=cortex-m4 -std=gnu11 -g3 -DUSE_HAL_DRIVER -DSTM32L431xx -DDEBUG -c -I../Middlewares/Third_Party/FreeRTOS/Source/include -I../Middlewares/Third_Party/FreeRTOS/Source/portable/GCC/ARM_CM4F -I../Drivers/CMSIS/Include -I../Core/Inc -I../Drivers/CMSIS/Device/ST/STM32L4xx/Include -I../Drivers/STM32L4xx_HAL_Driver/Inc -I../Middlewares/Third_Party/FreeRTOS/Source/CMSIS_RTOS_V2 -I../../../XasCode/STM32F4 -I../Drivers/STM32L4xx_HAL_Driver/Inc/Legacy -O2 -ffunction-sections -fdata-sections -Wall -Wswitch-enum -Wconversion -fstack-usage -MMD -MP -MF"Drivers/STM32L4xx_HAL_Driver/Src/stm32l4xx_hal_uart.d" -MT"Drivers/STM32L4xx_HAL_Driver/Src/stm32l4xx_hal_uart.o" --specs=nano.specs -mfpu=fpv4-sp-d16 -mfloat-abi=hard -mthumb -o "Drivers/STM32L4xx_HAL_Driver/Src/stm32l4xx_hal_uart.o"
../Drivers/STM32L4xx_HAL_Driver/Src/stm32l4xx_hal_uart.c: In function 'UART_SetConfig':
../Drivers/STM32L4xx_HAL_Driver/Src/stm32l4xx_hal_uart.c:3053:5: warning: enumeration value 'UART_CLOCKSOURCE_PCLK2' not handled in switch [-Wswitch-enum]
     switch (clocksource)
     ^~~~~~
../Drivers/STM32L4xx_HAL_Driver/Src/stm32l4xx_hal_uart.c:3053:5: warning: enumeration value 'UART_CLOCKSOURCE_UNDEFINED' not handled in switch [-Wswitch-enum]
../Drivers/STM32L4xx_HAL_Driver/Src/stm32l4xx_hal_uart.c:3099:9: warning: enumeration value 'UART_CLOCKSOURCE_PCLK2' not handled in switch [-Wswitch-enum]
         switch (clocksource)
         ^~~~~~
../Drivers/STM32L4xx_HAL_Driver/Src/stm32l4xx_hal_uart.c:3099:9: warning: enumeration value 'UART_CLOCKSOURCE_UNDEFINED' not handled in switch [-Wswitch-enum]
../Drivers/STM32L4xx_HAL_Driver/Src/stm32l4xx_hal_uart.c:3151:5: warning: enumeration value 'UART_CLOCKSOURCE_UNDEFINED' not handled in switch [-Wswitch-enum]
     switch (clocksource)
     ^~~~~~
../Drivers/STM32L4xx_HAL_Driver/Src/stm32l4xx_hal_uart.c:3210:5: warning: enumeration value 'UART_CLOCKSOURCE_UNDEFINED' not handled in switch [-Wswitch-enum]
     switch (clocksource)
     ^~~~~~
arm-none-eabi-gcc "../Drivers/STM32L4xx_HAL_Driver/Src/stm32l4xx_hal_uart_ex.c" -mcpu=cortex-m4 -std=gnu11 -g3 -DUSE_HAL_DRIVER -DSTM32L431xx -DDEBUG -c -I../Middlewares/Third_Party/FreeRTOS/Source/include -I../Middlewares/Third_Party/FreeRTOS/Source/portable/GCC/ARM_CM4F -I../Drivers/CMSIS/Include -I../Core/Inc -I../Drivers/CMSIS/Device/ST/STM32L4xx/Include -I../Drivers/STM32L4xx_HAL_Driver/Inc -I../Middlewares/Third_Party/FreeRTOS/Source/CMSIS_RTOS_V2 -I../../../XasCode/STM32F4 -I../Drivers/STM32L4xx_HAL_Driver/Inc/Legacy -O2 -ffunction-sections -fdata-sections -Wall -Wswitch-enum -Wconversion -fstack-usage -MMD -MP -MF"Drivers/STM32L4xx_HAL_Driver/Src/stm32l4xx_hal_uart_ex.d" -MT"Drivers/STM32L4xx_HAL_Driver/Src/stm32l4xx_hal_uart_ex.o" --specs=nano.specs -mfpu=fpv4-sp-d16 -mfloat-abi=hard -mthumb -o "Drivers/STM32L4xx_HAL_Driver/Src/stm32l4xx_hal_uart_ex.o"
arm-none-eabi-gcc "../Core/Src/freertos.c" -mcpu=cortex-m4 -std=gnu11 -g3 -DUSE_HAL_DRIVER -DSTM32L431xx -DDEBUG -c -I../Middlewares/Third_Party/FreeRTOS/Source/include -I../Middlewares/Third_Party/FreeRTOS/Source/portable/GCC/ARM_CM4F -I../Drivers/CMSIS/Include -I../Core/Inc -I../Drivers/CMSIS/Device/ST/STM32L4xx/Include -I../Drivers/STM32L4xx_HAL_Driver/Inc -I../Middlewares/Third_Party/FreeRTOS/Source/CMSIS_RTOS_V2 -I../../../XasCode/STM32F4 -I../Drivers/STM32L4xx_HAL_Driver/Inc/Legacy -O2 -ffunction-sections -fdata-sections -Wall -Wswitch-enum -Wconversion -fstack-usage -MMD -MP -MF"Core/Src/freertos.d" -MT"Core/Src/freertos.o" --specs=nano.specs -mfpu=fpv4-sp-d16 -mfloat-abi=hard -mthumb -o "Core/Src/freertos.o"
arm-none-eabi-g++ "../Core/Src/glow_test.cpp" -mcpu=cortex-m4 -std=gnu++14 -g3 -DUSE_HAL_DRIVER -DSTM32L431xx -DDEBUG -c -I../Middlewares/Third_Party/FreeRTOS/Source/include -I../Middlewares/Third_Party/FreeRTOS/Source/portable/GCC/ARM_CM4F -I../Drivers/CMSIS/Include -I../Core/Inc -I../Drivers/CMSIS/Device/ST/STM32L4xx/Include -I../Drivers/STM32L4xx_HAL_Driver/Inc -I../Middlewares/Third_Party/FreeRTOS/Source/CMSIS_RTOS_V2 -I../../../XasCode/STM32F4 -I../Drivers/STM32L4xx_HAL_Driver/Inc/Legacy -O2 -ffunction-sections -fdata-sections -fno-exceptions -fno-rtti -fno-threadsafe-statics -fno-use-cxa-atexit -Wall -Wswitch-enum -fstack-usage -MMD -MP -MF"Core/Src/glow_test.d" -MT"Core/Src/glow_test.o" --specs=nano.specs -mfpu=fpv4-sp-d16 -mfloat-abi=hard -mthumb -o "Core/Src/glow_test.o"
arm-none-eabi-gcc "../Core/Src/main.c" -mcpu=cortex-m4 -std=gnu11 -g3 -DUSE_HAL_DRIVER -DSTM32L431xx -DDEBUG -c -I../Middlewares/Third_Party/FreeRTOS/Source/include -I../Middlewares/Third_Party/FreeRTOS/Source/portable/GCC/ARM_CM4F -I../Drivers/CMSIS/Include -I../Core/Inc -I../Drivers/CMSIS/Device/ST/STM32L4xx/Include -I../Drivers/STM32L4xx_HAL_Driver/Inc -I../Middlewares/Third_Party/FreeRTOS/Source/CMSIS_RTOS_V2 -I../../../XasCode/STM32F4 -I../Drivers/STM32L4xx_HAL_Driver/Inc/Legacy -O2 -ffunction-sections -fdata-sections -Wall -Wswitch-enum -Wconversion -fstack-usage -MMD -MP -MF"Core/Src/main.d" -MT"Core/Src/main.o" --specs=nano.specs -mfpu=fpv4-sp-d16 -mfloat-abi=hard -mthumb -o "Core/Src/main.o"
arm-none-eabi-gcc "../Core/Src/stm32l4xx_hal_msp.c" -mcpu=cortex-m4 -std=gnu11 -g3 -DUSE_HAL_DRIVER -DSTM32L431xx -DDEBUG -c -I../Middlewares/Third_Party/FreeRTOS/Source/include -I../Middlewares/Third_Party/FreeRTOS/Source/portable/GCC/ARM_CM4F -I../Drivers/CMSIS/Include -I../Core/Inc -I../Drivers/CMSIS/Device/ST/STM32L4xx/Include -I../Drivers/STM32L4xx_HAL_Driver/Inc -I../Middlewares/Third_Party/FreeRTOS/Source/CMSIS_RTOS_V2 -I../../../XasCode/STM32F4 -I../Drivers/STM32L4xx_HAL_Driver/Inc/Legacy -O2 -ffunction-sections -fdata-sections -Wall -Wswitch-enum -Wconversion -fstack-usage -MMD -MP -MF"Core/Src/stm32l4xx_hal_msp.d" -MT"Core/Src/stm32l4xx_hal_msp.o" --specs=nano.specs -mfpu=fpv4-sp-d16 -mfloat-abi=hard -mthumb -o "Core/Src/stm32l4xx_hal_msp.o"
arm-none-eabi-gcc "../Core/Src/stm32l4xx_hal_timebase_tim.c" -mcpu=cortex-m4 -std=gnu11 -g3 -DUSE_HAL_DRIVER -DSTM32L431xx -DDEBUG -c -I../Middlewares/Third_Party/FreeRTOS/Source/include -I../Middlewares/Third_Party/FreeRTOS/Source/portable/GCC/ARM_CM4F -I../Drivers/CMSIS/Include -I../Core/Inc -I../Drivers/CMSIS/Device/ST/STM32L4xx/Include -I../Drivers/STM32L4xx_HAL_Driver/Inc -I../Middlewares/Third_Party/FreeRTOS/Source/CMSIS_RTOS_V2 -I../../../XasCode/STM32F4 -I../Drivers/STM32L4xx_HAL_Driver/Inc/Legacy -O2 -ffunction-sections -fdata-sections -Wall -Wswitch-enum -Wconversion -fstack-usage -MMD -MP -MF"Core/Src/stm32l4xx_hal_timebase_tim.d" -MT"Core/Src/stm32l4xx_hal_timebase_tim.o" --specs=nano.specs -mfpu=fpv4-sp-d16 -mfloat-abi=hard -mthumb -o "Core/Src/stm32l4xx_hal_timebase_tim.o"
../Core/Src/glow_test.cpp: In function 'float calc_position(led_coord_t, led_coord_t)':
../Core/Src/glow_test.cpp:43:16: warning: comparison between signed and unsigned integer expressions [-Wsign-compare]
  for(int i=0; i<sizeof(led_coord_t) / sizeof(float); i++) {
               ~^~~~~~~~~~~~~~~~~~~~~~~~~~~~~~
arm-none-eabi-gcc "../Core/Src/stm32l4xx_it.c" -mcpu=cortex-m4 -std=gnu11 -g3 -DUSE_HAL_DRIVER -DSTM32L431xx -DDEBUG -c -I../Middlewares/Third_Party/FreeRTOS/Source/include -I../Middlewares/Third_Party/FreeRTOS/Source/portable/GCC/ARM_CM4F -I../Drivers/CMSIS/Include -I../Core/Inc -I../Drivers/CMSIS/Device/ST/STM32L4xx/Include -I../Drivers/STM32L4xx_HAL_Driver/Inc -I../Middlewares/Third_Party/FreeRTOS/Source/CMSIS_RTOS_V2 -I../../../XasCode/STM32F4 -I../Drivers/STM32L4xx_HAL_Driver/Inc/Legacy -O2 -ffunction-sections -fdata-sections -Wall -Wswitch-enum -Wconversion -fstack-usage -MMD -MP -MF"Core/Src/stm32l4xx_it.d" -MT"Core/Src/stm32l4xx_it.o" --specs=nano.specs -mfpu=fpv4-sp-d16 -mfloat-abi=hard -mthumb -o "Core/Src/stm32l4xx_it.o"
arm-none-eabi-gcc "../Core/Src/system_stm32l4xx.c" -mcpu=cortex-m4 -std=gnu11 -g3 -DUSE_HAL_DRIVER -DSTM32L431xx -DDEBUG -c -I../Middlewares/Third_Party/FreeRTOS/Source/include -I../Middlewares/Third_Party/FreeRTOS/Source/portable/GCC/ARM_CM4F -I../Drivers/CMSIS/Include -I../Core/Inc -I../Drivers/CMSIS/Device/ST/STM32L4xx/Include -I../Drivers/STM32L4xx_HAL_Driver/Inc -I../Middlewares/Third_Party/FreeRTOS/Source/CMSIS_RTOS_V2 -I../../../XasCode/STM32F4 -I../Drivers/STM32L4xx_HAL_Driver/Inc/Legacy -O2 -ffunction-sections -fdata-sections -Wall -Wswitch-enum -Wconversion -fstack-usage -MMD -MP -MF"Core/Src/system_stm32l4xx.d" -MT"Core/Src/system_stm32l4xx.o" --specs=nano.specs -mfpu=fpv4-sp-d16 -mfloat-abi=hard -mthumb -o "Core/Src/system_stm32l4xx.o"
arm-none-eabi-g++ "/home/xasin/Xasin/system-synth-suit/XasCode/STM32F4/NeoController/NeoController.cpp" -mcpu=cortex-m4 -std=gnu++14 -g3 -DUSE_HAL_DRIVER -DSTM32L431xx -DDEBUG -c -I../Middlewares/Third_Party/FreeRTOS/Source/include -I../Middlewares/Third_Party/FreeRTOS/Source/portable/GCC/ARM_CM4F -I../Drivers/CMSIS/Include -I../Core/Inc -I../Drivers/CMSIS/Device/ST/STM32L4xx/Include -I../Drivers/STM32L4xx_HAL_Driver/Inc -I../Middlewares/Third_Party/FreeRTOS/Source/CMSIS_RTOS_V2 -I../../../XasCode/STM32F4 -I../Drivers/STM32L4xx_HAL_Driver/Inc/Legacy -O2 -ffunction-sections -fdata-sections -fno-exceptions -fno-rtti -fno-threadsafe-statics -fno-use-cxa-atexit -Wall -Wswitch-enum -fstack-usage -MMD -MP -MF"Core/STM32F4/NeoController/NeoController.d" -MT"Core/STM32F4/NeoController/NeoController.o" --specs=nano.specs -mfpu=fpv4-sp-d16 -mfloat-abi=hard -mthumb -o "Core/STM32F4/NeoController/NeoController.o"
In file included from /home/xasin/Xasin/system-synth-suit/XasCode/STM32F4/NeoController/NeoController.cpp:8:0:
../../../XasCode/STM32F4/NeoController/NeoController.h: In constructor 'Xasin::NeoController::NeoController(SPI_HandleTypeDef&, int, bool)':
../../../XasCode/STM32F4/NeoController/NeoController.h:30:13: warning: 'Xasin::NeoController::inv_output' will be initialized after [-Wreorder]
  const bool inv_output;
             ^~~~~~~~~~
../../../XasCode/STM32F4/NeoController/NeoController.h:21:28: warning:   'SPI_HandleTypeDef* const Xasin::NeoController::spi' [-Wreorder]
  SPI_HandleTypeDef * const spi;
                            ^~~
/home/xasin/Xasin/system-synth-suit/XasCode/STM32F4/NeoController/NeoController.cpp:14:1: warning:   when initialized here [-Wreorder]
 NeoController::NeoController(SPI_HandleTypeDef &spi, int num_leds, bool invert) :
 ^~~~~~~~~~~~~
arm-none-eabi-g++ -o "MainTest.elf" @"objects.list"   -mcpu=cortex-m4 -T"/home/xasin/Xasin/system-synth-suit/STMCubeWorkspace/MainTest/STM32L431KBUX_FLASH.ld" --specs=nosys.specs -Wl,-Map="MainTest.map" -Wl,--gc-sections -static --specs=nano.specs -mfpu=fpv4-sp-d16 -mfloat-abi=hard -mthumb -u _printf_float -Wl,--start-group -lc -lm -lstdc++ -lsupc++ -Wl,--end-group
Finished building target: MainTest.elf
 
arm-none-eabi-objdump -h -S  MainTest.elf  > "MainTest.list"
arm-none-eabi-objcopy  -O binary  MainTest.elf  "MainTest.bin"
arm-none-eabi-size   MainTest.elf 
Finished building: MainTest.bin
 
   text	   data	    bss	    dec	    hex	filename
  33356	    744	   8656	  42756	   a704	MainTest.elf
Finished building: default.size.stdout
 
Finished building: MainTest.list
 
