14:53:34 **** Incremental Build of configuration Debug for project MainTest ****
make -j6 all 
arm-none-eabi-g++ "../Core/Src/glow_test.cpp" -mcpu=cortex-m4 -std=gnu++14 -g3 -DUSE_HAL_DRIVER -DSTM32L431xx -DDEBUG -c -I../Middlewares/Third_Party/FreeRTOS/Source/include -I../Middlewares/Third_Party/FreeRTOS/Source/portable/GCC/ARM_CM4F -I../Drivers/CMSIS/Include -I../Core/Inc -I../Drivers/CMSIS/Device/ST/STM32L4xx/Include -I../Drivers/STM32L4xx_HAL_Driver/Inc -I../Middlewares/Third_Party/FreeRTOS/Source/CMSIS_RTOS_V2 -I../../../XasCode/STM32F4 -I../Drivers/STM32L4xx_HAL_Driver/Inc/Legacy -O2 -ffunction-sections -fdata-sections -fno-exceptions -fno-rtti -fno-threadsafe-statics -fno-use-cxa-atexit -Wall -Wswitch-enum -fstack-usage -MMD -MP -MF"Core/Src/glow_test.d" -MT"Core/Src/glow_test.o" --specs=nano.specs -mfpu=fpv4-sp-d16 -mfloat-abi=hard -mthumb -o "Core/Src/glow_test.o"
arm-none-eabi-g++ "/home/xasin/Xasin/system-synth-suit/XasCode/STM32F4/Animation/NumericElement.cpp" -mcpu=cortex-m4 -std=gnu++14 -g3 -DUSE_HAL_DRIVER -DSTM32L431xx -DDEBUG -c -I../Middlewares/Third_Party/FreeRTOS/Source/include -I../Middlewares/Third_Party/FreeRTOS/Source/portable/GCC/ARM_CM4F -I../Drivers/CMSIS/Include -I../Core/Inc -I../Drivers/CMSIS/Device/ST/STM32L4xx/Include -I../Drivers/STM32L4xx_HAL_Driver/Inc -I../Middlewares/Third_Party/FreeRTOS/Source/CMSIS_RTOS_V2 -I../../../XasCode/STM32F4 -I../Drivers/STM32L4xx_HAL_Driver/Inc/Legacy -O2 -ffunction-sections -fdata-sections -fno-exceptions -fno-rtti -fno-threadsafe-statics -fno-use-cxa-atexit -Wall -Wswitch-enum -fstack-usage -MMD -MP -MF"Core/STM32F4/Animation/NumericElement.d" -MT"Core/STM32F4/Animation/NumericElement.o" --specs=nano.specs -mfpu=fpv4-sp-d16 -mfloat-abi=hard -mthumb -o "Core/STM32F4/Animation/NumericElement.o"
/home/xasin/Xasin/system-synth-suit/XasCode/STM32F4/Animation/NumericElement.cpp: In member function 'virtual void Xasin::NumericElement::tick(float)':
/home/xasin/Xasin/system-synth-suit/XasCode/STM32F4/Animation/NumericElement.cpp:33:8: warning: enumeration value 'MAX' not handled in switch [-Wswitch-enum]
  switch(type) {
        ^
../Core/Src/glow_test.cpp: In function 'float calc_position(led_coord_t, led_coord_t)':
../Core/Src/glow_test.cpp:50:16: warning: comparison between signed and unsigned integer expressions [-Wsign-compare]
  for(int i=0; i<sizeof(led_coord_t) / sizeof(float); i++) {
               ~^~~~~~~~~~~~~~~~~~~~~~~~~~~~~~
arm-none-eabi-g++ -o "MainTest.elf" @"objects.list"   -mcpu=cortex-m4 -T"/home/xasin/Xasin/system-synth-suit/STMCubeWorkspace/MainTest/STM32L431KBUX_FLASH.ld" --specs=nosys.specs -Wl,-Map="MainTest.map" -Wl,--gc-sections -static --specs=nano.specs -mfpu=fpv4-sp-d16 -mfloat-abi=hard -mthumb -u _printf_float -Wl,--start-group -lc -lm -lstdc++ -lsupc++ -Wl,--end-group
Finished building target: MainTest.elf
 
arm-none-eabi-objdump -h -S  MainTest.elf  > "MainTest.list"
arm-none-eabi-objcopy  -O binary  MainTest.elf  "MainTest.bin"
arm-none-eabi-size   MainTest.elf 
   text	   data	    bss	    dec	    hex	filename
  42716	    748	   8740	  52204	   cbec	MainTest.elf
Finished building: default.size.stdout
 
Finished building: MainTest.bin
 
Finished building: MainTest.list
 
14:53:52 **** Incremental Build of configuration Debug for project MainTest ****
make -j6 all 
arm-none-eabi-g++ "../Core/Src/glow_test.cpp" -mcpu=cortex-m4 -std=gnu++14 -g3 -DUSE_HAL_DRIVER -DSTM32L431xx -DDEBUG -c -I../Middlewares/Third_Party/FreeRTOS/Source/include -I../Middlewares/Third_Party/FreeRTOS/Source/portable/GCC/ARM_CM4F -I../Drivers/CMSIS/Include -I../Core/Inc -I../Drivers/CMSIS/Device/ST/STM32L4xx/Include -I../Drivers/STM32L4xx_HAL_Driver/Inc -I../Middlewares/Third_Party/FreeRTOS/Source/CMSIS_RTOS_V2 -I../../../XasCode/STM32F4 -I../Drivers/STM32L4xx_HAL_Driver/Inc/Legacy -O2 -ffunction-sections -fdata-sections -fno-exceptions -fno-rtti -fno-threadsafe-statics -fno-use-cxa-atexit -Wall -Wswitch-enum -fstack-usage -MMD -MP -MF"Core/Src/glow_test.d" -MT"Core/Src/glow_test.o" --specs=nano.specs -mfpu=fpv4-sp-d16 -mfloat-abi=hard -mthumb -o "Core/Src/glow_test.o"
../Core/Src/glow_test.cpp: In function 'float calc_position(led_coord_t, led_coord_t)':
../Core/Src/glow_test.cpp:50:16: warning: comparison between signed and unsigned integer expressions [-Wsign-compare]
  for(int i=0; i<sizeof(led_coord_t) / sizeof(float); i++) {
               ~^~~~~~~~~~~~~~~~~~~~~~~~~~~~~~
arm-none-eabi-g++ -o "MainTest.elf" @"objects.list"   -mcpu=cortex-m4 -T"/home/xasin/Xasin/system-synth-suit/STMCubeWorkspace/MainTest/STM32L431KBUX_FLASH.ld" --specs=nosys.specs -Wl,-Map="MainTest.map" -Wl,--gc-sections -static --specs=nano.specs -mfpu=fpv4-sp-d16 -mfloat-abi=hard -mthumb -u _printf_float -Wl,--start-group -lc -lm -lstdc++ -lsupc++ -Wl,--end-group
Finished building target: MainTest.elf
 
arm-none-eabi-objdump -h -S  MainTest.elf  > "MainTest.list"
arm-none-eabi-objcopy  -O binary  MainTest.elf  "MainTest.bin"
arm-none-eabi-size   MainTest.elf 
   text	   data	    bss	    dec	    hex	filename
  42716	    748	   8740	  52204	   cbec	MainTest.elf
Finished building: default.size.stdout
Finished building: MainTest.bin
 
 
Finished building: MainTest.list
 
14:57:16 **** Incremental Build of configuration Debug for project MainTest ****
make -j6 all 
arm-none-eabi-g++ "/home/xasin/Xasin/system-synth-suit/XasCode/STM32F4/Animation/NumericElement.cpp" -mcpu=cortex-m4 -std=gnu++14 -g3 -DUSE_HAL_DRIVER -DSTM32L431xx -DDEBUG -c -I../Middlewares/Third_Party/FreeRTOS/Source/include -I../Middlewares/Third_Party/FreeRTOS/Source/portable/GCC/ARM_CM4F -I../Drivers/CMSIS/Include -I../Core/Inc -I../Drivers/CMSIS/Device/ST/STM32L4xx/Include -I../Drivers/STM32L4xx_HAL_Driver/Inc -I../Middlewares/Third_Party/FreeRTOS/Source/CMSIS_RTOS_V2 -I../../../XasCode/STM32F4 -I../Drivers/STM32L4xx_HAL_Driver/Inc/Legacy -O2 -ffunction-sections -fdata-sections -fno-exceptions -fno-rtti -fno-threadsafe-statics -fno-use-cxa-atexit -Wall -Wswitch-enum -fstack-usage -MMD -MP -MF"Core/STM32F4/Animation/NumericElement.d" -MT"Core/STM32F4/Animation/NumericElement.o" --specs=nano.specs -mfpu=fpv4-sp-d16 -mfloat-abi=hard -mthumb -o "Core/STM32F4/Animation/NumericElement.o"
/home/xasin/Xasin/system-synth-suit/XasCode/STM32F4/Animation/NumericElement.cpp: In member function 'virtual void Xasin::NumericElement::tick(float)':
/home/xasin/Xasin/system-synth-suit/XasCode/STM32F4/Animation/NumericElement.cpp:34:8: warning: enumeration value 'MAX' not handled in switch [-Wswitch-enum]
  switch(type) {
        ^
arm-none-eabi-g++ -o "MainTest.elf" @"objects.list"   -mcpu=cortex-m4 -T"/home/xasin/Xasin/system-synth-suit/STMCubeWorkspace/MainTest/STM32L431KBUX_FLASH.ld" --specs=nosys.specs -Wl,-Map="MainTest.map" -Wl,--gc-sections -static --specs=nano.specs -mfpu=fpv4-sp-d16 -mfloat-abi=hard -mthumb -u _printf_float -Wl,--start-group -lc -lm -lstdc++ -lsupc++ -Wl,--end-group
Finished building target: MainTest.elf
 
arm-none-eabi-objdump -h -S  MainTest.elf  > "MainTest.list"
arm-none-eabi-objcopy  -O binary  MainTest.elf  "MainTest.bin"
arm-none-eabi-size   MainTest.elf 
   text	   data	    bss	    dec	    hex	filename
  42716	    748	   8740	  52204	   cbec	MainTest.elf
Finished building: default.size.stdout
 
Finished building: MainTest.bin
 
Finished building: MainTest.list
 
14:59:22 **** Incremental Build of configuration Debug for project MainTest ****
make -j6 all 
arm-none-eabi-g++ "../Core/Src/glow_test.cpp" -mcpu=cortex-m4 -std=gnu++14 -g3 -DUSE_HAL_DRIVER -DSTM32L431xx -DDEBUG -c -I../Middlewares/Third_Party/FreeRTOS/Source/include -I../Middlewares/Third_Party/FreeRTOS/Source/portable/GCC/ARM_CM4F -I../Drivers/CMSIS/Include -I../Core/Inc -I../Drivers/CMSIS/Device/ST/STM32L4xx/Include -I../Drivers/STM32L4xx_HAL_Driver/Inc -I../Middlewares/Third_Party/FreeRTOS/Source/CMSIS_RTOS_V2 -I../../../XasCode/STM32F4 -I../Drivers/STM32L4xx_HAL_Driver/Inc/Legacy -O2 -ffunction-sections -fdata-sections -fno-exceptions -fno-rtti -fno-threadsafe-statics -fno-use-cxa-atexit -Wall -Wswitch-enum -fstack-usage -MMD -MP -MF"Core/Src/glow_test.d" -MT"Core/Src/glow_test.o" --specs=nano.specs -mfpu=fpv4-sp-d16 -mfloat-abi=hard -mthumb -o "Core/Src/glow_test.o"
../Core/Src/glow_test.cpp: In function 'float calc_position(led_coord_t, led_coord_t)':
../Core/Src/glow_test.cpp:50:16: warning: comparison between signed and unsigned integer expressions [-Wsign-compare]
  for(int i=0; i<sizeof(led_coord_t) / sizeof(float); i++) {
               ~^~~~~~~~~~~~~~~~~~~~~~~~~~~~~~
arm-none-eabi-g++ -o "MainTest.elf" @"objects.list"   -mcpu=cortex-m4 -T"/home/xasin/Xasin/system-synth-suit/STMCubeWorkspace/MainTest/STM32L431KBUX_FLASH.ld" --specs=nosys.specs -Wl,-Map="MainTest.map" -Wl,--gc-sections -static --specs=nano.specs -mfpu=fpv4-sp-d16 -mfloat-abi=hard -mthumb -u _printf_float -Wl,--start-group -lc -lm -lstdc++ -lsupc++ -Wl,--end-group
Finished building target: MainTest.elf
 
arm-none-eabi-objdump -h -S  MainTest.elf  > "MainTest.list"
arm-none-eabi-objcopy  -O binary  MainTest.elf  "MainTest.bin"
arm-none-eabi-size   MainTest.elf 
   text	   data	    bss	    dec	    hex	filename
  42732	    748	   8740	  52220	   cbfc	MainTest.elf
Finished building: default.size.stdout
 
Finished building: MainTest.bin
 
Finished building: MainTest.list
 
15:00:15 **** Incremental Build of configuration Debug for project MainTest ****
make -j6 all 
arm-none-eabi-g++ "../Core/Src/glow_test.cpp" -mcpu=cortex-m4 -std=gnu++14 -g3 -DUSE_HAL_DRIVER -DSTM32L431xx -DDEBUG -c -I../Middlewares/Third_Party/FreeRTOS/Source/include -I../Middlewares/Third_Party/FreeRTOS/Source/portable/GCC/ARM_CM4F -I../Drivers/CMSIS/Include -I../Core/Inc -I../Drivers/CMSIS/Device/ST/STM32L4xx/Include -I../Drivers/STM32L4xx_HAL_Driver/Inc -I../Middlewares/Third_Party/FreeRTOS/Source/CMSIS_RTOS_V2 -I../../../XasCode/STM32F4 -I../Drivers/STM32L4xx_HAL_Driver/Inc/Legacy -O2 -ffunction-sections -fdata-sections -fno-exceptions -fno-rtti -fno-threadsafe-statics -fno-use-cxa-atexit -Wall -Wswitch-enum -fstack-usage -MMD -MP -MF"Core/Src/glow_test.d" -MT"Core/Src/glow_test.o" --specs=nano.specs -mfpu=fpv4-sp-d16 -mfloat-abi=hard -mthumb -o "Core/Src/glow_test.o"
../Core/Src/glow_test.cpp: In function 'float calc_position(led_coord_t, led_coord_t)':
../Core/Src/glow_test.cpp:50:16: warning: comparison between signed and unsigned integer expressions [-Wsign-compare]
  for(int i=0; i<sizeof(led_coord_t) / sizeof(float); i++) {
               ~^~~~~~~~~~~~~~~~~~~~~~~~~~~~~~
arm-none-eabi-g++ -o "MainTest.elf" @"objects.list"   -mcpu=cortex-m4 -T"/home/xasin/Xasin/system-synth-suit/STMCubeWorkspace/MainTest/STM32L431KBUX_FLASH.ld" --specs=nosys.specs -Wl,-Map="MainTest.map" -Wl,--gc-sections -static --specs=nano.specs -mfpu=fpv4-sp-d16 -mfloat-abi=hard -mthumb -u _printf_float -Wl,--start-group -lc -lm -lstdc++ -lsupc++ -Wl,--end-group
Finished building target: MainTest.elf
 
arm-none-eabi-objdump -h -S  MainTest.elf  > "MainTest.list"
arm-none-eabi-objcopy  -O binary  MainTest.elf  "MainTest.bin"
arm-none-eabi-size   MainTest.elf 
   text	   data	    bss	    dec	    hex	filename
  42716	    748	   8740	  52204	   cbec	MainTest.elf
Finished building: default.size.stdout
 
Finished building: MainTest.bin
 
Finished building: MainTest.list
 
15:03:09 **** Incremental Build of configuration Debug for project MainTest ****
make -j6 all 
arm-none-eabi-g++ "../Core/Src/glow_test.cpp" -mcpu=cortex-m4 -std=gnu++14 -g3 -DUSE_HAL_DRIVER -DSTM32L431xx -DDEBUG -c -I../Middlewares/Third_Party/FreeRTOS/Source/include -I../Middlewares/Third_Party/FreeRTOS/Source/portable/GCC/ARM_CM4F -I../Drivers/CMSIS/Include -I../Core/Inc -I../Drivers/CMSIS/Device/ST/STM32L4xx/Include -I../Drivers/STM32L4xx_HAL_Driver/Inc -I../Middlewares/Third_Party/FreeRTOS/Source/CMSIS_RTOS_V2 -I../../../XasCode/STM32F4 -I../Drivers/STM32L4xx_HAL_Driver/Inc/Legacy -O2 -ffunction-sections -fdata-sections -fno-exceptions -fno-rtti -fno-threadsafe-statics -fno-use-cxa-atexit -Wall -Wswitch-enum -fstack-usage -MMD -MP -MF"Core/Src/glow_test.d" -MT"Core/Src/glow_test.o" --specs=nano.specs -mfpu=fpv4-sp-d16 -mfloat-abi=hard -mthumb -o "Core/Src/glow_test.o"
../Core/Src/glow_test.cpp: In function 'float calc_position(led_coord_t, led_coord_t)':
../Core/Src/glow_test.cpp:51:16: warning: comparison between signed and unsigned integer expressions [-Wsign-compare]
  for(int i=0; i<sizeof(led_coord_t) / sizeof(float); i++) {
               ~^~~~~~~~~~~~~~~~~~~~~~~~~~~~~~
arm-none-eabi-g++ -o "MainTest.elf" @"objects.list"   -mcpu=cortex-m4 -T"/home/xasin/Xasin/system-synth-suit/STMCubeWorkspace/MainTest/STM32L431KBUX_FLASH.ld" --specs=nosys.specs -Wl,-Map="MainTest.map" -Wl,--gc-sections -static --specs=nano.specs -mfpu=fpv4-sp-d16 -mfloat-abi=hard -mthumb -u _printf_float -Wl,--start-group -lc -lm -lstdc++ -lsupc++ -Wl,--end-group
Finished building target: MainTest.elf
 
arm-none-eabi-objdump -h -S  MainTest.elf  > "MainTest.list"
arm-none-eabi-objcopy  -O binary  MainTest.elf  "MainTest.bin"
arm-none-eabi-size   MainTest.elf 
   text	   data	    bss	    dec	    hex	filename
  42812	    748	   8788	  52348	   cc7c	MainTest.elf
Finished building: default.size.stdout
 
Finished building: MainTest.bin
 
Finished building: MainTest.list
 
15:04:12 **** Incremental Build of configuration Debug for project MainTest ****
make -j6 all 
arm-none-eabi-size   MainTest.elf 
   text	   data	    bss	    dec	    hex	filename
  42812	    748	   8788	  52348	   cc7c	MainTest.elf
Finished building: default.size.stdout
 
15:09:43 **** Incremental Build of configuration Debug for project MainTest ****
make -j6 all 
arm-none-eabi-size   MainTest.elf 
   text	   data	    bss	    dec	    hex	filename
  42812	    748	   8788	  52348	   cc7c	MainTest.elf
Finished building: default.size.stdout
 
15:13:22 **** Incremental Build of configuration Debug for project MainTest ****
make -j6 all 
arm-none-eabi-g++ "/home/xasin/Xasin/system-synth-suit/XasCode/STM32F4/Animation/AnimationServer.cpp" -mcpu=cortex-m4 -std=gnu++14 -g3 -DUSE_HAL_DRIVER -DSTM32L431xx -DDEBUG -c -I../Middlewares/Third_Party/FreeRTOS/Source/include -I../Middlewares/Third_Party/FreeRTOS/Source/portable/GCC/ARM_CM4F -I../Drivers/CMSIS/Include -I../Core/Inc -I../Drivers/CMSIS/Device/ST/STM32L4xx/Include -I../Drivers/STM32L4xx_HAL_Driver/Inc -I../Middlewares/Third_Party/FreeRTOS/Source/CMSIS_RTOS_V2 -I../../../XasCode/STM32F4 -I../Drivers/STM32L4xx_HAL_Driver/Inc/Legacy -O2 -ffunction-sections -fdata-sections -fno-exceptions -fno-rtti -fno-threadsafe-statics -fno-use-cxa-atexit -Wall -Wswitch-enum -fstack-usage -MMD -MP -MF"Core/STM32F4/Animation/AnimationServer.d" -MT"Core/STM32F4/Animation/AnimationServer.o" --specs=nano.specs -mfpu=fpv4-sp-d16 -mfloat-abi=hard -mthumb -o "Core/STM32F4/Animation/AnimationServer.o"
arm-none-eabi-g++ -o "MainTest.elf" @"objects.list"   -mcpu=cortex-m4 -T"/home/xasin/Xasin/system-synth-suit/STMCubeWorkspace/MainTest/STM32L431KBUX_FLASH.ld" --specs=nosys.specs -Wl,-Map="MainTest.map" -Wl,--gc-sections -static --specs=nano.specs -mfpu=fpv4-sp-d16 -mfloat-abi=hard -mthumb -u _printf_float -Wl,--start-group -lc -lm -lstdc++ -lsupc++ -Wl,--end-group
Finished building target: MainTest.elf
 
arm-none-eabi-objdump -h -S  MainTest.elf  > "MainTest.list"
arm-none-eabi-objcopy  -O binary  MainTest.elf  "MainTest.bin"
arm-none-eabi-size   MainTest.elf 
   text	   data	    bss	    dec	    hex	filename
  42812	    748	   8788	  52348	   cc7c	MainTest.elf
Finished building: default.size.stdout
 
Finished building: MainTest.bin
 
Finished building: MainTest.list
 
15:17:42 **** Incremental Build of configuration Debug for project MainTest ****
make -j6 all 
arm-none-eabi-g++ "../Core/Src/glow_test.cpp" -mcpu=cortex-m4 -std=gnu++14 -g3 -DUSE_HAL_DRIVER -DSTM32L431xx -DDEBUG -c -I../Middlewares/Third_Party/FreeRTOS/Source/include -I../Middlewares/Third_Party/FreeRTOS/Source/portable/GCC/ARM_CM4F -I../Drivers/CMSIS/Include -I../Core/Inc -I../Drivers/CMSIS/Device/ST/STM32L4xx/Include -I../Drivers/STM32L4xx_HAL_Driver/Inc -I../Middlewares/Third_Party/FreeRTOS/Source/CMSIS_RTOS_V2 -I../../../XasCode/STM32F4 -I../Drivers/STM32L4xx_HAL_Driver/Inc/Legacy -O2 -ffunction-sections -fdata-sections -fno-exceptions -fno-rtti -fno-threadsafe-statics -fno-use-cxa-atexit -Wall -Wswitch-enum -fstack-usage -MMD -MP -MF"Core/Src/glow_test.d" -MT"Core/Src/glow_test.o" --specs=nano.specs -mfpu=fpv4-sp-d16 -mfloat-abi=hard -mthumb -o "Core/Src/glow_test.o"
../Core/Src/glow_test.cpp: In function 'float calc_position(led_coord_t, led_coord_t)':
../Core/Src/glow_test.cpp:51:16: warning: comparison between signed and unsigned integer expressions [-Wsign-compare]
  for(int i=0; i<sizeof(led_coord_t) / sizeof(float); i++) {
               ~^~~~~~~~~~~~~~~~~~~~~~~~~~~~~~
arm-none-eabi-g++ -o "MainTest.elf" @"objects.list"   -mcpu=cortex-m4 -T"/home/xasin/Xasin/system-synth-suit/STMCubeWorkspace/MainTest/STM32L431KBUX_FLASH.ld" --specs=nosys.specs -Wl,-Map="MainTest.map" -Wl,--gc-sections -static --specs=nano.specs -mfpu=fpv4-sp-d16 -mfloat-abi=hard -mthumb -u _printf_float -Wl,--start-group -lc -lm -lstdc++ -lsupc++ -Wl,--end-group
Finished building target: MainTest.elf
 
arm-none-eabi-objdump -h -S  MainTest.elf  > "MainTest.list"
arm-none-eabi-objcopy  -O binary  MainTest.elf  "MainTest.bin"
arm-none-eabi-size   MainTest.elf 
   text	   data	    bss	    dec	    hex	filename
  42788	    748	   8788	  52324	   cc64	MainTest.elf
Finished building: default.size.stdout
 
Finished building: MainTest.bin
 
Finished building: MainTest.list
 
15:23:26 **** Incremental Build of configuration Debug for project MainTest ****
make -j6 all 
arm-none-eabi-g++ "../Core/Src/glow_test.cpp" -mcpu=cortex-m4 -std=gnu++14 -g3 -DUSE_HAL_DRIVER -DSTM32L431xx -DDEBUG -c -I../Middlewares/Third_Party/FreeRTOS/Source/include -I../Middlewares/Third_Party/FreeRTOS/Source/portable/GCC/ARM_CM4F -I../Drivers/CMSIS/Include -I../Core/Inc -I../Drivers/CMSIS/Device/ST/STM32L4xx/Include -I../Drivers/STM32L4xx_HAL_Driver/Inc -I../Middlewares/Third_Party/FreeRTOS/Source/CMSIS_RTOS_V2 -I../../../XasCode/STM32F4 -I../Drivers/STM32L4xx_HAL_Driver/Inc/Legacy -O2 -ffunction-sections -fdata-sections -fno-exceptions -fno-rtti -fno-threadsafe-statics -fno-use-cxa-atexit -Wall -Wswitch-enum -fstack-usage -MMD -MP -MF"Core/Src/glow_test.d" -MT"Core/Src/glow_test.o" --specs=nano.specs -mfpu=fpv4-sp-d16 -mfloat-abi=hard -mthumb -o "Core/Src/glow_test.o"
../Core/Src/glow_test.cpp: In function 'float calc_position(led_coord_t, led_coord_t)':
../Core/Src/glow_test.cpp:51:16: warning: comparison between signed and unsigned integer expressions [-Wsign-compare]
  for(int i=0; i<sizeof(led_coord_t) / sizeof(float); i++) {
               ~^~~~~~~~~~~~~~~~~~~~~~~~~~~~~~
arm-none-eabi-g++ -o "MainTest.elf" @"objects.list"   -mcpu=cortex-m4 -T"/home/xasin/Xasin/system-synth-suit/STMCubeWorkspace/MainTest/STM32L431KBUX_FLASH.ld" --specs=nosys.specs -Wl,-Map="MainTest.map" -Wl,--gc-sections -static --specs=nano.specs -mfpu=fpv4-sp-d16 -mfloat-abi=hard -mthumb -u _printf_float -Wl,--start-group -lc -lm -lstdc++ -lsupc++ -Wl,--end-group
Finished building target: MainTest.elf
 
arm-none-eabi-objdump -h -S  MainTest.elf  > "MainTest.list"
arm-none-eabi-objcopy  -O binary  MainTest.elf  "MainTest.bin"
arm-none-eabi-size   MainTest.elf 
   text	   data	    bss	    dec	    hex	filename
  42732	    748	   8788	  52268	   cc2c	MainTest.elf
Finished building: default.size.stdout
 
Finished building: MainTest.bin
 
Finished building: MainTest.list
 
15:24:29 **** Incremental Build of configuration Debug for project MainTest ****
make -j6 all 
arm-none-eabi-g++ "../Core/Src/glow_test.cpp" -mcpu=cortex-m4 -std=gnu++14 -g3 -DUSE_HAL_DRIVER -DSTM32L431xx -DDEBUG -c -I../Middlewares/Third_Party/FreeRTOS/Source/include -I../Middlewares/Third_Party/FreeRTOS/Source/portable/GCC/ARM_CM4F -I../Drivers/CMSIS/Include -I../Core/Inc -I../Drivers/CMSIS/Device/ST/STM32L4xx/Include -I../Drivers/STM32L4xx_HAL_Driver/Inc -I../Middlewares/Third_Party/FreeRTOS/Source/CMSIS_RTOS_V2 -I../../../XasCode/STM32F4 -I../Drivers/STM32L4xx_HAL_Driver/Inc/Legacy -O2 -ffunction-sections -fdata-sections -fno-exceptions -fno-rtti -fno-threadsafe-statics -fno-use-cxa-atexit -Wall -Wswitch-enum -fstack-usage -MMD -MP -MF"Core/Src/glow_test.d" -MT"Core/Src/glow_test.o" --specs=nano.specs -mfpu=fpv4-sp-d16 -mfloat-abi=hard -mthumb -o "Core/Src/glow_test.o"
../Core/Src/glow_test.cpp: In function 'float calc_position(led_coord_t, led_coord_t)':
../Core/Src/glow_test.cpp:51:16: warning: comparison between signed and unsigned integer expressions [-Wsign-compare]
  for(int i=0; i<sizeof(led_coord_t) / sizeof(float); i++) {
               ~^~~~~~~~~~~~~~~~~~~~~~~~~~~~~~
arm-none-eabi-g++ -o "MainTest.elf" @"objects.list"   -mcpu=cortex-m4 -T"/home/xasin/Xasin/system-synth-suit/STMCubeWorkspace/MainTest/STM32L431KBUX_FLASH.ld" --specs=nosys.specs -Wl,-Map="MainTest.map" -Wl,--gc-sections -static --specs=nano.specs -mfpu=fpv4-sp-d16 -mfloat-abi=hard -mthumb -u _printf_float -Wl,--start-group -lc -lm -lstdc++ -lsupc++ -Wl,--end-group
Finished building target: MainTest.elf
 
arm-none-eabi-objdump -h -S  MainTest.elf  > "MainTest.list"
arm-none-eabi-objcopy  -O binary  MainTest.elf  "MainTest.bin"
arm-none-eabi-size   MainTest.elf 
   text	   data	    bss	    dec	    hex	filename
  42732	    748	   8788	  52268	   cc2c	MainTest.elf
Finished building: default.size.stdout
 
Finished building: MainTest.bin
 
Finished building: MainTest.list
 
15:26:48 **** Incremental Build of configuration Debug for project MainTest ****
make -j6 all 
arm-none-eabi-g++ "../Core/Src/glow_test.cpp" -mcpu=cortex-m4 -std=gnu++14 -g3 -DUSE_HAL_DRIVER -DSTM32L431xx -DDEBUG -c -I../Middlewares/Third_Party/FreeRTOS/Source/include -I../Middlewares/Third_Party/FreeRTOS/Source/portable/GCC/ARM_CM4F -I../Drivers/CMSIS/Include -I../Core/Inc -I../Drivers/CMSIS/Device/ST/STM32L4xx/Include -I../Drivers/STM32L4xx_HAL_Driver/Inc -I../Middlewares/Third_Party/FreeRTOS/Source/CMSIS_RTOS_V2 -I../../../XasCode/STM32F4 -I../Drivers/STM32L4xx_HAL_Driver/Inc/Legacy -O2 -ffunction-sections -fdata-sections -fno-exceptions -fno-rtti -fno-threadsafe-statics -fno-use-cxa-atexit -Wall -Wswitch-enum -fstack-usage -MMD -MP -MF"Core/Src/glow_test.d" -MT"Core/Src/glow_test.o" --specs=nano.specs -mfpu=fpv4-sp-d16 -mfloat-abi=hard -mthumb -o "Core/Src/glow_test.o"
../Core/Src/glow_test.cpp: In function 'float calc_position(led_coord_t, led_coord_t)':
../Core/Src/glow_test.cpp:51:16: warning: comparison between signed and unsigned integer expressions [-Wsign-compare]
  for(int i=0; i<sizeof(led_coord_t) / sizeof(float); i++) {
               ~^~~~~~~~~~~~~~~~~~~~~~~~~~~~~~
arm-none-eabi-g++ -o "MainTest.elf" @"objects.list"   -mcpu=cortex-m4 -T"/home/xasin/Xasin/system-synth-suit/STMCubeWorkspace/MainTest/STM32L431KBUX_FLASH.ld" --specs=nosys.specs -Wl,-Map="MainTest.map" -Wl,--gc-sections -static --specs=nano.specs -mfpu=fpv4-sp-d16 -mfloat-abi=hard -mthumb -u _printf_float -Wl,--start-group -lc -lm -lstdc++ -lsupc++ -Wl,--end-group
Finished building target: MainTest.elf
 
arm-none-eabi-objdump -h -S  MainTest.elf  > "MainTest.list"
arm-none-eabi-objcopy  -O binary  MainTest.elf  "MainTest.bin"
arm-none-eabi-size   MainTest.elf 
   text	   data	    bss	    dec	    hex	filename
  42748	    748	   8788	  52284	   cc3c	MainTest.elf
Finished building: MainTest.bin
Finished building: default.size.stdout
 
 
Finished building: MainTest.list
 
15:29:13 **** Incremental Build of configuration Debug for project MainTest ****
make -j6 all 
arm-none-eabi-g++ "../Core/Src/glow_test.cpp" -mcpu=cortex-m4 -std=gnu++14 -g3 -DUSE_HAL_DRIVER -DSTM32L431xx -DDEBUG -c -I../Middlewares/Third_Party/FreeRTOS/Source/include -I../Middlewares/Third_Party/FreeRTOS/Source/portable/GCC/ARM_CM4F -I../Drivers/CMSIS/Include -I../Core/Inc -I../Drivers/CMSIS/Device/ST/STM32L4xx/Include -I../Drivers/STM32L4xx_HAL_Driver/Inc -I../Middlewares/Third_Party/FreeRTOS/Source/CMSIS_RTOS_V2 -I../../../XasCode/STM32F4 -I../Drivers/STM32L4xx_HAL_Driver/Inc/Legacy -O2 -ffunction-sections -fdata-sections -fno-exceptions -fno-rtti -fno-threadsafe-statics -fno-use-cxa-atexit -Wall -Wswitch-enum -fstack-usage -MMD -MP -MF"Core/Src/glow_test.d" -MT"Core/Src/glow_test.o" --specs=nano.specs -mfpu=fpv4-sp-d16 -mfloat-abi=hard -mthumb -o "Core/Src/glow_test.o"
../Core/Src/glow_test.cpp: In function 'float calc_position(led_coord_t, led_coord_t)':
../Core/Src/glow_test.cpp:51:16: warning: comparison between signed and unsigned integer expressions [-Wsign-compare]
  for(int i=0; i<sizeof(led_coord_t) / sizeof(float); i++) {
               ~^~~~~~~~~~~~~~~~~~~~~~~~~~~~~~
arm-none-eabi-g++ -o "MainTest.elf" @"objects.list"   -mcpu=cortex-m4 -T"/home/xasin/Xasin/system-synth-suit/STMCubeWorkspace/MainTest/STM32L431KBUX_FLASH.ld" --specs=nosys.specs -Wl,-Map="MainTest.map" -Wl,--gc-sections -static --specs=nano.specs -mfpu=fpv4-sp-d16 -mfloat-abi=hard -mthumb -u _printf_float -Wl,--start-group -lc -lm -lstdc++ -lsupc++ -Wl,--end-group
Finished building target: MainTest.elf
 
arm-none-eabi-objdump -h -S  MainTest.elf  > "MainTest.list"
arm-none-eabi-objcopy  -O binary  MainTest.elf  "MainTest.bin"
arm-none-eabi-size   MainTest.elf 
   text	   data	    bss	    dec	    hex	filename
  42748	    748	   8788	  52284	   cc3c	MainTest.elf
Finished building: default.size.stdout
 
Finished building: MainTest.bin
 
Finished building: MainTest.list
 
15:38:26 **** Incremental Build of configuration Debug for project MainTest ****
make -j6 all 
arm-none-eabi-g++ "../Core/Src/glow_test.cpp" -mcpu=cortex-m4 -std=gnu++14 -g3 -DUSE_HAL_DRIVER -DSTM32L431xx -DDEBUG -c -I../Middlewares/Third_Party/FreeRTOS/Source/include -I../Middlewares/Third_Party/FreeRTOS/Source/portable/GCC/ARM_CM4F -I../Drivers/CMSIS/Include -I../Core/Inc -I../Drivers/CMSIS/Device/ST/STM32L4xx/Include -I../Drivers/STM32L4xx_HAL_Driver/Inc -I../Middlewares/Third_Party/FreeRTOS/Source/CMSIS_RTOS_V2 -I../../../XasCode/STM32F4 -I../Drivers/STM32L4xx_HAL_Driver/Inc/Legacy -O2 -ffunction-sections -fdata-sections -fno-exceptions -fno-rtti -fno-threadsafe-statics -fno-use-cxa-atexit -Wall -Wswitch-enum -fstack-usage -MMD -MP -MF"Core/Src/glow_test.d" -MT"Core/Src/glow_test.o" --specs=nano.specs -mfpu=fpv4-sp-d16 -mfloat-abi=hard -mthumb -o "Core/Src/glow_test.o"
arm-none-eabi-g++ "/home/xasin/Xasin/system-synth-suit/XasCode/STM32F4/Animation/NumericElement.cpp" -mcpu=cortex-m4 -std=gnu++14 -g3 -DUSE_HAL_DRIVER -DSTM32L431xx -DDEBUG -c -I../Middlewares/Third_Party/FreeRTOS/Source/include -I../Middlewares/Third_Party/FreeRTOS/Source/portable/GCC/ARM_CM4F -I../Drivers/CMSIS/Include -I../Core/Inc -I../Drivers/CMSIS/Device/ST/STM32L4xx/Include -I../Drivers/STM32L4xx_HAL_Driver/Inc -I../Middlewares/Third_Party/FreeRTOS/Source/CMSIS_RTOS_V2 -I../../../XasCode/STM32F4 -I../Drivers/STM32L4xx_HAL_Driver/Inc/Legacy -O2 -ffunction-sections -fdata-sections -fno-exceptions -fno-rtti -fno-threadsafe-statics -fno-use-cxa-atexit -Wall -Wswitch-enum -fstack-usage -MMD -MP -MF"Core/STM32F4/Animation/NumericElement.d" -MT"Core/STM32F4/Animation/NumericElement.o" --specs=nano.specs -mfpu=fpv4-sp-d16 -mfloat-abi=hard -mthumb -o "Core/STM32F4/Animation/NumericElement.o"
/home/xasin/Xasin/system-synth-suit/XasCode/STM32F4/Animation/NumericElement.cpp: In member function 'virtual void Xasin::NumericElement::tick(float)':
/home/xasin/Xasin/system-synth-suit/XasCode/STM32F4/Animation/NumericElement.cpp:34:8: warning: enumeration value 'MAX' not handled in switch [-Wswitch-enum]
  switch(type) {
        ^
../Core/Src/glow_test.cpp: In function 'float calc_position(led_coord_t, led_coord_t)':
../Core/Src/glow_test.cpp:52:16: warning: comparison between signed and unsigned integer expressions [-Wsign-compare]
  for(int i=0; i<sizeof(led_coord_t) / sizeof(float); i++) {
               ~^~~~~~~~~~~~~~~~~~~~~~~~~~~~~~
arm-none-eabi-g++ -o "MainTest.elf" @"objects.list"   -mcpu=cortex-m4 -T"/home/xasin/Xasin/system-synth-suit/STMCubeWorkspace/MainTest/STM32L431KBUX_FLASH.ld" --specs=nosys.specs -Wl,-Map="MainTest.map" -Wl,--gc-sections -static --specs=nano.specs -mfpu=fpv4-sp-d16 -mfloat-abi=hard -mthumb -u _printf_float -Wl,--start-group -lc -lm -lstdc++ -lsupc++ -Wl,--end-group
Finished building target: MainTest.elf
 
arm-none-eabi-objdump -h -S  MainTest.elf  > "MainTest.list"
arm-none-eabi-objcopy  -O binary  MainTest.elf  "MainTest.bin"
arm-none-eabi-size   MainTest.elf 
   text	   data	    bss	    dec	    hex	filename
  42852	    748	   8844	  52444	   ccdc	MainTest.elf
Finished building: default.size.stdout
 
Finished building: MainTest.bin
 
Finished building: MainTest.list
 
15:38:59 **** Incremental Build of configuration Debug for project MainTest ****
make -j6 all 
arm-none-eabi-g++ "../Core/Src/glow_test.cpp" -mcpu=cortex-m4 -std=gnu++14 -g3 -DUSE_HAL_DRIVER -DSTM32L431xx -DDEBUG -c -I../Middlewares/Third_Party/FreeRTOS/Source/include -I../Middlewares/Third_Party/FreeRTOS/Source/portable/GCC/ARM_CM4F -I../Drivers/CMSIS/Include -I../Core/Inc -I../Drivers/CMSIS/Device/ST/STM32L4xx/Include -I../Drivers/STM32L4xx_HAL_Driver/Inc -I../Middlewares/Third_Party/FreeRTOS/Source/CMSIS_RTOS_V2 -I../../../XasCode/STM32F4 -I../Drivers/STM32L4xx_HAL_Driver/Inc/Legacy -O2 -ffunction-sections -fdata-sections -fno-exceptions -fno-rtti -fno-threadsafe-statics -fno-use-cxa-atexit -Wall -Wswitch-enum -fstack-usage -MMD -MP -MF"Core/Src/glow_test.d" -MT"Core/Src/glow_test.o" --specs=nano.specs -mfpu=fpv4-sp-d16 -mfloat-abi=hard -mthumb -o "Core/Src/glow_test.o"
../Core/Src/glow_test.cpp: In function 'float calc_position(led_coord_t, led_coord_t)':
../Core/Src/glow_test.cpp:52:16: warning: comparison between signed and unsigned integer expressions [-Wsign-compare]
  for(int i=0; i<sizeof(led_coord_t) / sizeof(float); i++) {
               ~^~~~~~~~~~~~~~~~~~~~~~~~~~~~~~
arm-none-eabi-g++ -o "MainTest.elf" @"objects.list"   -mcpu=cortex-m4 -T"/home/xasin/Xasin/system-synth-suit/STMCubeWorkspace/MainTest/STM32L431KBUX_FLASH.ld" --specs=nosys.specs -Wl,-Map="MainTest.map" -Wl,--gc-sections -static --specs=nano.specs -mfpu=fpv4-sp-d16 -mfloat-abi=hard -mthumb -u _printf_float -Wl,--start-group -lc -lm -lstdc++ -lsupc++ -Wl,--end-group
Finished building target: MainTest.elf
 
arm-none-eabi-objdump -h -S  MainTest.elf  > "MainTest.list"
arm-none-eabi-objcopy  -O binary  MainTest.elf  "MainTest.bin"
arm-none-eabi-size   MainTest.elf 
   text	   data	    bss	    dec	    hex	filename
  42852	    748	   8844	  52444	   ccdc	MainTest.elf
Finished building: default.size.stdout
Finished building: MainTest.bin
 
 
Finished building: MainTest.list
 
15:40:18 **** Incremental Build of configuration Debug for project MainTest ****
make -j6 all 
arm-none-eabi-g++ "../Core/Src/glow_test.cpp" -mcpu=cortex-m4 -std=gnu++14 -g3 -DUSE_HAL_DRIVER -DSTM32L431xx -DDEBUG -c -I../Middlewares/Third_Party/FreeRTOS/Source/include -I../Middlewares/Third_Party/FreeRTOS/Source/portable/GCC/ARM_CM4F -I../Drivers/CMSIS/Include -I../Core/Inc -I../Drivers/CMSIS/Device/ST/STM32L4xx/Include -I../Drivers/STM32L4xx_HAL_Driver/Inc -I../Middlewares/Third_Party/FreeRTOS/Source/CMSIS_RTOS_V2 -I../../../XasCode/STM32F4 -I../Drivers/STM32L4xx_HAL_Driver/Inc/Legacy -O2 -ffunction-sections -fdata-sections -fno-exceptions -fno-rtti -fno-threadsafe-statics -fno-use-cxa-atexit -Wall -Wswitch-enum -fstack-usage -MMD -MP -MF"Core/Src/glow_test.d" -MT"Core/Src/glow_test.o" --specs=nano.specs -mfpu=fpv4-sp-d16 -mfloat-abi=hard -mthumb -o "Core/Src/glow_test.o"
../Core/Src/glow_test.cpp: In function 'float calc_position(led_coord_t, led_coord_t)':
../Core/Src/glow_test.cpp:52:16: warning: comparison between signed and unsigned integer expressions [-Wsign-compare]
  for(int i=0; i<sizeof(led_coord_t) / sizeof(float); i++) {
               ~^~~~~~~~~~~~~~~~~~~~~~~~~~~~~~
arm-none-eabi-g++ -o "MainTest.elf" @"objects.list"   -mcpu=cortex-m4 -T"/home/xasin/Xasin/system-synth-suit/STMCubeWorkspace/MainTest/STM32L431KBUX_FLASH.ld" --specs=nosys.specs -Wl,-Map="MainTest.map" -Wl,--gc-sections -static --specs=nano.specs -mfpu=fpv4-sp-d16 -mfloat-abi=hard -mthumb -u _printf_float -Wl,--start-group -lc -lm -lstdc++ -lsupc++ -Wl,--end-group
Finished building target: MainTest.elf
 
arm-none-eabi-objdump -h -S  MainTest.elf  > "MainTest.list"
arm-none-eabi-objcopy  -O binary  MainTest.elf  "MainTest.bin"
arm-none-eabi-size   MainTest.elf 
   text	   data	    bss	    dec	    hex	filename
  42852	    748	   8844	  52444	   ccdc	MainTest.elf
Finished building: default.size.stdout
 
Finished building: MainTest.bin
 
Finished building: MainTest.list
 
