15:40:18 **** Incremental Build of configuration Debug for project MainTest ****
make -j6 all 
arm-none-eabi-g++ "../Core/Src/glow_test.cpp" -mcpu=cortex-m4 -std=gnu++14 -g3 -DUSE_HAL_DRIVER -DSTM32L431xx -DDEBUG -c -I../Middlewares/Third_Party/FreeRTOS/Source/include -I../Middlewares/Third_Party/FreeRTOS/Source/portable/GCC/ARM_CM4F -I../Drivers/CMSIS/Include -I../Core/Inc -I../Drivers/CMSIS/Device/ST/STM32L4xx/Include -I../Drivers/STM32L4xx_HAL_Driver/Inc -I../Middlewares/Third_Party/FreeRTOS/Source/CMSIS_RTOS_V2 -I../../../XasCode/STM32F4 -I../Drivers/STM32L4xx_HAL_Driver/Inc/Legacy -O2 -ffunction-sections -fdata-sections -fno-exceptions -fno-rtti -fno-threadsafe-statics -fno-use-cxa-atexit -Wall -Wswitch-enum -fstack-usage -MMD -MP -MF"Core/Src/glow_test.d" -MT"Core/Src/glow_test.o" --specs=nano.specs -mfpu=fpv4-sp-d16 -mfloat-abi=hard -mthumb -o "Core/Src/glow_test.o"
../Core/Src/glow_test.cpp: In function 'float calc_position(led_coord_t, led_coord_t)':
../Core/Src/glow_test.cpp:52:16: warning: comparison between signed and unsigned integer expressions [-Wsign-compare]
  for(int i=0; i<sizeof(led_coord_t) / sizeof(float); i++) {
               ~^~~~~~~~~~~~~~~~~~~~~~~~~~~~~~
arm-none-eabi-g++ -o "MainTest.elf" @"objects.list"   -mcpu=cortex-m4 -T"/home/xasin/Xasin/system-synth-suit/STMCubeWorkspace/MainTest/STM32L431KBUX_FLASH.ld" --specs=nosys.specs -Wl,-Map="MainTest.map" -Wl,--gc-sections -static --specs=nano.specs -mfpu=fpv4-sp-d16 -mfloat-abi=hard -mthumb -u _printf_float -Wl,--start-group -lc -lm -lstdc++ -lsupc++ -Wl,--end-group
Finished building target: MainTest.elf
 
arm-none-eabi-objdump -h -S  MainTest.elf  > "MainTest.list"
arm-none-eabi-objcopy  -O binary  MainTest.elf  "MainTest.bin"
arm-none-eabi-size   MainTest.elf 
   text	   data	    bss	    dec	    hex	filename
  42852	    748	   8844	  52444	   ccdc	MainTest.elf
Finished building: default.size.stdout
 
Finished building: MainTest.bin
 
Finished building: MainTest.list
 

15:40:20 Build Finished. 0 errors, 1 warnings. (took 1s.433ms)

